<?xml version="1.0"?>
<link_info>
   <banner>TI ARM Linker PC v5.2.2</banner>
   <copyright>Copyright (c) 1996-2015 Texas Instruments Incorporated</copyright>
   <link_time>0x56cc974a</link_time>
   <link_errors>0x0</link_errors>
   <output_file>EECS_388_P3.out</output_file>
   <entry_point>
      <name>_c_int00</name>
      <address>0x3b05</address>
   </entry_point>
   <input_file_list>
      <input_file id="fl-2">
         <path>.\</path>
         <kind>object</kind>
         <file>main.obj</file>
         <name>main.obj</name>
      </input_file>
      <input_file id="fl-3">
         <path>.\targetConfigs\</path>
         <kind>object</kind>
         <file>lm3s1968_startup_ccs.obj</file>
         <name>lm3s1968_startup_ccs.obj</name>
      </input_file>
      <input_file id="fl-4">
         <path>.\src\</path>
         <kind>object</kind>
         <file>buttons.obj</file>
         <name>buttons.obj</name>
      </input_file>
      <input_file id="fl-5">
         <path>.\src\</path>
         <kind>object</kind>
         <file>led.obj</file>
         <name>led.obj</name>
      </input_file>
      <input_file id="fl-6">
         <path>.\src\</path>
         <kind>object</kind>
         <file>oled.obj</file>
         <name>oled.obj</name>
      </input_file>
      <input_file id="fl-7">
         <path>.\src\</path>
         <kind>object</kind>
         <file>speaker.obj</file>
         <name>speaker.obj</name>
      </input_file>
      <input_file id="fl-8">
         <path>.\src\</path>
         <kind>object</kind>
         <file>system.obj</file>
         <name>system.obj</name>
      </input_file>
      <input_file id="fl-9">
         <path>.\src\OLED_Driver\</path>
         <kind>object</kind>
         <file>rit128x96x4.obj</file>
         <name>rit128x96x4.obj</name>
      </input_file>
      <input_file id="fl-a">
         <path>.\src\FreeRTOS\</path>
         <kind>object</kind>
         <file>croutine.obj</file>
         <name>croutine.obj</name>
      </input_file>
      <input_file id="fl-b">
         <path>.\src\FreeRTOS\</path>
         <kind>object</kind>
         <file>event_groups.obj</file>
         <name>event_groups.obj</name>
      </input_file>
      <input_file id="fl-c">
         <path>.\src\FreeRTOS\</path>
         <kind>object</kind>
         <file>list.obj</file>
         <name>list.obj</name>
      </input_file>
      <input_file id="fl-d">
         <path>.\src\FreeRTOS\</path>
         <kind>object</kind>
         <file>queue.obj</file>
         <name>queue.obj</name>
      </input_file>
      <input_file id="fl-e">
         <path>.\src\FreeRTOS\</path>
         <kind>object</kind>
         <file>tasks.obj</file>
         <name>tasks.obj</name>
      </input_file>
      <input_file id="fl-f">
         <path>.\src\FreeRTOS\</path>
         <kind>object</kind>
         <file>timers.obj</file>
         <name>timers.obj</name>
      </input_file>
      <input_file id="fl-10">
         <path>.\src\FreeRTOS\portable\CCS6\ARM_CM4F\</path>
         <kind>object</kind>
         <file>port.obj</file>
         <name>port.obj</name>
      </input_file>
      <input_file id="fl-11">
         <path>.\src\FreeRTOS\portable\CCS6\ARM_CM4F\</path>
         <kind>object</kind>
         <file>portasm.obj</file>
         <name>portasm.obj</name>
      </input_file>
      <input_file id="fl-12">
         <path>.\src\FreeRTOS\portable\CCS6\ARM_CM3\</path>
         <kind>object</kind>
         <file>port.obj</file>
         <name>port.obj</name>
      </input_file>
      <input_file id="fl-13">
         <path>.\src\FreeRTOS\portable\CCS6\ARM_CM3\</path>
         <kind>object</kind>
         <file>portasm.obj</file>
         <name>portasm.obj</name>
      </input_file>
      <input_file id="fl-14">
         <path>.\src\FreeRTOS\portable\CCS5\ARM_CM3\</path>
         <kind>object</kind>
         <file>port.obj</file>
         <name>port.obj</name>
      </input_file>
      <input_file id="fl-15">
         <path>.\src\FreeRTOS\portable\CCS5\ARM_CM3\</path>
         <kind>object</kind>
         <file>portasm.obj</file>
         <name>portasm.obj</name>
      </input_file>
      <input_file id="fl-16">
         <path>.\src\FreeRTOS\include\</path>
         <kind>object</kind>
         <file>heap_2.obj</file>
         <name>heap_2.obj</name>
      </input_file>
      <input_file id="fl-13d">
         <path>C:\TI_CodeComposer\ccsv6\tools\compiler\ti-cgt-arm_5.2.2\lib\</path>
         <kind>archive</kind>
         <file>rtsv7M3_T_le_eabi.lib</file>
         <name>boot.obj</name>
      </input_file>
      <input_file id="fl-13e">
         <path>C:\TI_CodeComposer\ccsv6\tools\compiler\ti-cgt-arm_5.2.2\lib\</path>
         <kind>archive</kind>
         <file>rtsv7M3_T_le_eabi.lib</file>
         <name>copy_decompress_none.obj</name>
      </input_file>
      <input_file id="fl-13f">
         <path>C:\TI_CodeComposer\ccsv6\tools\compiler\ti-cgt-arm_5.2.2\lib\</path>
         <kind>archive</kind>
         <file>rtsv7M3_T_le_eabi.lib</file>
         <name>copy_decompress_rle.obj</name>
      </input_file>
      <input_file id="fl-140">
         <path>C:\TI_CodeComposer\ccsv6\tools\compiler\ti-cgt-arm_5.2.2\lib\</path>
         <kind>archive</kind>
         <file>rtsv7M3_T_le_eabi.lib</file>
         <name>copy_zero_init.obj</name>
      </input_file>
      <input_file id="fl-141">
         <path>C:\TI_CodeComposer\ccsv6\tools\compiler\ti-cgt-arm_5.2.2\lib\</path>
         <kind>archive</kind>
         <file>rtsv7M3_T_le_eabi.lib</file>
         <name>exit.obj</name>
      </input_file>
      <input_file id="fl-142">
         <path>C:\TI_CodeComposer\ccsv6\tools\compiler\ti-cgt-arm_5.2.2\lib\</path>
         <kind>archive</kind>
         <file>rtsv7M3_T_le_eabi.lib</file>
         <name>memcpy_t2.obj</name>
      </input_file>
      <input_file id="fl-143">
         <path>C:\TI_CodeComposer\ccsv6\tools\compiler\ti-cgt-arm_5.2.2\lib\</path>
         <kind>archive</kind>
         <file>rtsv7M3_T_le_eabi.lib</file>
         <name>memset_t2.obj</name>
      </input_file>
      <input_file id="fl-144">
         <path>C:\TI_CodeComposer\ccsv6\tools\compiler\ti-cgt-arm_5.2.2\lib\</path>
         <kind>archive</kind>
         <file>rtsv7M3_T_le_eabi.lib</file>
         <name>pre_init.obj</name>
      </input_file>
      <input_file id="fl-145">
         <path>C:\TI_CodeComposer\ccsv6\tools\compiler\ti-cgt-arm_5.2.2\lib\</path>
         <kind>archive</kind>
         <file>rtsv7M3_T_le_eabi.lib</file>
         <name>sprintf.obj</name>
      </input_file>
      <input_file id="fl-146">
         <path>C:\TI_CodeComposer\ccsv6\tools\compiler\ti-cgt-arm_5.2.2\lib\</path>
         <kind>archive</kind>
         <file>rtsv7M3_T_le_eabi.lib</file>
         <name>stkdepth_vars.obj</name>
      </input_file>
      <input_file id="fl-147">
         <path>C:\TI_CodeComposer\ccsv6\tools\compiler\ti-cgt-arm_5.2.2\lib\</path>
         <kind>archive</kind>
         <file>rtsv7M3_T_le_eabi.lib</file>
         <name>_lock.obj</name>
      </input_file>
      <input_file id="fl-148">
         <path>C:\TI_CodeComposer\ccsv6\tools\compiler\ti-cgt-arm_5.2.2\lib\</path>
         <kind>archive</kind>
         <file>rtsv7M3_T_le_eabi.lib</file>
         <name>_printfi.obj</name>
      </input_file>
      <input_file id="fl-149">
         <path>C:\TI_CodeComposer\ccsv6\tools\compiler\ti-cgt-arm_5.2.2\lib\</path>
         <kind>archive</kind>
         <file>rtsv7M3_T_le_eabi.lib</file>
         <name>args_main.obj</name>
      </input_file>
      <input_file id="fl-14a">
         <path>C:\TI_CodeComposer\ccsv6\tools\compiler\ti-cgt-arm_5.2.2\lib\</path>
         <kind>archive</kind>
         <file>rtsv7M3_T_le_eabi.lib</file>
         <name>atoi.obj</name>
      </input_file>
      <input_file id="fl-14b">
         <path>C:\TI_CodeComposer\ccsv6\tools\compiler\ti-cgt-arm_5.2.2\lib\</path>
         <kind>archive</kind>
         <file>rtsv7M3_T_le_eabi.lib</file>
         <name>autoinit.obj</name>
      </input_file>
      <input_file id="fl-14c">
         <path>C:\TI_CodeComposer\ccsv6\tools\compiler\ti-cgt-arm_5.2.2\lib\</path>
         <kind>archive</kind>
         <file>rtsv7M3_T_le_eabi.lib</file>
         <name>cpy_tbl.obj</name>
      </input_file>
      <input_file id="fl-14d">
         <path>C:\TI_CodeComposer\ccsv6\tools\compiler\ti-cgt-arm_5.2.2\lib\</path>
         <kind>archive</kind>
         <file>rtsv7M3_T_le_eabi.lib</file>
         <name>ctype.obj</name>
      </input_file>
      <input_file id="fl-14e">
         <path>C:\TI_CodeComposer\ccsv6\tools\compiler\ti-cgt-arm_5.2.2\lib\</path>
         <kind>archive</kind>
         <file>rtsv7M3_T_le_eabi.lib</file>
         <name>fd_add_t2.obj</name>
      </input_file>
      <input_file id="fl-14f">
         <path>C:\TI_CodeComposer\ccsv6\tools\compiler\ti-cgt-arm_5.2.2\lib\</path>
         <kind>archive</kind>
         <file>rtsv7M3_T_le_eabi.lib</file>
         <name>fd_cmp_t2.obj</name>
      </input_file>
      <input_file id="fl-150">
         <path>C:\TI_CodeComposer\ccsv6\tools\compiler\ti-cgt-arm_5.2.2\lib\</path>
         <kind>archive</kind>
         <file>rtsv7M3_T_le_eabi.lib</file>
         <name>fd_div_t2.obj</name>
      </input_file>
      <input_file id="fl-151">
         <path>C:\TI_CodeComposer\ccsv6\tools\compiler\ti-cgt-arm_5.2.2\lib\</path>
         <kind>archive</kind>
         <file>rtsv7M3_T_le_eabi.lib</file>
         <name>fd_mul_t2.obj</name>
      </input_file>
      <input_file id="fl-152">
         <path>C:\TI_CodeComposer\ccsv6\tools\compiler\ti-cgt-arm_5.2.2\lib\</path>
         <kind>archive</kind>
         <file>rtsv7M3_T_le_eabi.lib</file>
         <name>fd_toi_t2.obj</name>
      </input_file>
      <input_file id="fl-153">
         <path>C:\TI_CodeComposer\ccsv6\tools\compiler\ti-cgt-arm_5.2.2\lib\</path>
         <kind>archive</kind>
         <file>rtsv7M3_T_le_eabi.lib</file>
         <name>frexp.obj</name>
      </input_file>
      <input_file id="fl-154">
         <path>C:\TI_CodeComposer\ccsv6\tools\compiler\ti-cgt-arm_5.2.2\lib\</path>
         <kind>archive</kind>
         <file>rtsv7M3_T_le_eabi.lib</file>
         <name>i_tofd_t2.obj</name>
      </input_file>
      <input_file id="fl-155">
         <path>C:\TI_CodeComposer\ccsv6\tools\compiler\ti-cgt-arm_5.2.2\lib\</path>
         <kind>archive</kind>
         <file>rtsv7M3_T_le_eabi.lib</file>
         <name>ldexp.obj</name>
      </input_file>
      <input_file id="fl-156">
         <path>C:\TI_CodeComposer\ccsv6\tools\compiler\ti-cgt-arm_5.2.2\lib\</path>
         <kind>archive</kind>
         <file>rtsv7M3_T_le_eabi.lib</file>
         <name>ltoa.obj</name>
      </input_file>
      <input_file id="fl-157">
         <path>C:\TI_CodeComposer\ccsv6\tools\compiler\ti-cgt-arm_5.2.2\lib\</path>
         <kind>archive</kind>
         <file>rtsv7M3_T_le_eabi.lib</file>
         <name>memccpy.obj</name>
      </input_file>
      <input_file id="fl-158">
         <path>C:\TI_CodeComposer\ccsv6\tools\compiler\ti-cgt-arm_5.2.2\lib\</path>
         <kind>archive</kind>
         <file>rtsv7M3_T_le_eabi.lib</file>
         <name>strchr.obj</name>
      </input_file>
      <input_file id="fl-159">
         <path>C:\TI_CodeComposer\ccsv6\tools\compiler\ti-cgt-arm_5.2.2\lib\</path>
         <kind>archive</kind>
         <file>rtsv7M3_T_le_eabi.lib</file>
         <name>strlen.obj</name>
      </input_file>
      <input_file id="fl-15a">
         <path>C:\TI_CodeComposer\ccsv6\tools\compiler\ti-cgt-arm_5.2.2\lib\</path>
         <kind>archive</kind>
         <file>rtsv7M3_T_le_eabi.lib</file>
         <name>ull_div_t2.obj</name>
      </input_file>
      <input_file id="fl-15b">
         <path>C:\TI_CodeComposer\ccsv6\tools\compiler\ti-cgt-arm_5.2.2\lib\</path>
         <kind>archive</kind>
         <file>rtsv7M3_T_le_eabi.lib</file>
         <name>xdclass.obj</name>
      </input_file>
      <input_file id="fl-15c">
         <path>C:\TI_CodeComposer\ccsv6\tools\compiler\ti-cgt-arm_5.2.2\lib\</path>
         <kind>archive</kind>
         <file>rtsv7M3_T_le_eabi.lib</file>
         <name>xdscale.obj</name>
      </input_file>
      <input_file id="fl-15d">
         <path>C:\TI_CodeComposer\ccsv6\tools\compiler\ti-cgt-arm_5.2.2\lib\</path>
         <kind>archive</kind>
         <file>rtsv7M3_T_le_eabi.lib</file>
         <name>xdunscal.obj</name>
      </input_file>
      <input_file id="fl-15e">
         <path>C:\TI_CodeComposer\ccsv6\tools\compiler\ti-cgt-arm_5.2.2\lib\</path>
         <kind>archive</kind>
         <file>rtsv7M3_T_le_eabi.lib</file>
         <name>xferaise.obj</name>
      </input_file>
      <input_file id="fl-15f">
         <path>C:\TI_CodeComposer\ccsv6\tools\compiler\ti-cgt-arm_5.2.2\lib\</path>
         <kind>archive</kind>
         <file>rtsv7M3_T_le_eabi.lib</file>
         <name>xvalues.obj</name>
      </input_file>
      <input_file id="fl-160">
         <path>C:\TI_CodeComposer\ccsv6\tools\compiler\ti-cgt-arm_5.2.2\lib\</path>
         <kind>archive</kind>
         <file>rtsv7M3_T_le_eabi.lib</file>
         <name>errno.obj</name>
      </input_file>
      <input_file id="fl-161">
         <path>C:\TI_CodeComposer\ccsv6\tools\compiler\ti-cgt-arm_5.2.2\lib\</path>
         <kind>archive</kind>
         <file>rtsv7M3_T_le_eabi.lib</file>
         <name>feraiseexcept.obj</name>
      </input_file>
      <input_file id="fl-162">
         <path>C:\TI_CodeComposer\ccsv6\tools\compiler\ti-cgt-arm_5.2.2\lib\</path>
         <kind>archive</kind>
         <file>rtsv7M3_T_le_eabi.lib</file>
         <name>raise.obj</name>
      </input_file>
      <input_file id="fl-163">
         <path>C:\TI_CodeComposer\ccsv6\tools\compiler\ti-cgt-arm_5.2.2\lib\</path>
         <kind>archive</kind>
         <file>rtsv7M3_T_le_eabi.lib</file>
         <name>signal.obj</name>
      </input_file>
      <input_file id="fl-164">
         <path>C:\TI_CodeComposer\ccsv6\tools\compiler\ti-cgt-arm_5.2.2\lib\</path>
         <kind>archive</kind>
         <file>rtsv7M3_T_le_eabi.lib</file>
         <name>xdnorm.obj</name>
      </input_file>
      <input_file id="fl-165">
         <path>C:\TI_CodeComposer\StellarisWare-LM3S1968\driverlib\ccs-cm3\Debug\</path>
         <kind>archive</kind>
         <file>driverlib-cm3.lib</file>
         <name>systick.obj</name>
      </input_file>
      <input_file id="fl-166">
         <path>C:\TI_CodeComposer\StellarisWare-LM3S1968\driverlib\ccs-cm3\Debug\</path>
         <kind>archive</kind>
         <file>driverlib-cm3.lib</file>
         <name>sysctl.obj</name>
      </input_file>
      <input_file id="fl-167">
         <path>C:\TI_CodeComposer\StellarisWare-LM3S1968\driverlib\ccs-cm3\Debug\</path>
         <kind>archive</kind>
         <file>driverlib-cm3.lib</file>
         <name>ssi.obj</name>
      </input_file>
      <input_file id="fl-168">
         <path>C:\TI_CodeComposer\StellarisWare-LM3S1968\driverlib\ccs-cm3\Debug\</path>
         <kind>archive</kind>
         <file>driverlib-cm3.lib</file>
         <name>interrupt.obj</name>
      </input_file>
      <input_file id="fl-169">
         <path>C:\TI_CodeComposer\StellarisWare-LM3S1968\driverlib\ccs-cm3\Debug\</path>
         <kind>archive</kind>
         <file>driverlib-cm3.lib</file>
         <name>gpio.obj</name>
      </input_file>
      <input_file id="fl-16a">
         <path>C:\TI_CodeComposer\StellarisWare-LM3S1968\driverlib\ccs-cm3\Debug\</path>
         <kind>archive</kind>
         <file>driverlib-cm3.lib</file>
         <name>cpu.obj</name>
      </input_file>
   </input_file_list>
   <object_component_list>
      <object_component id="oc-f">
         <name>.intvecs</name>
         <load_address>0x0</load_address>
         <run_address>0x0</run_address>
         <size>0xf0</size>
         <input_file_ref idref="fl-3"/>
      </object_component>
      <object_component id="oc-20c">
         <name>.text</name>
         <load_address>0xf0</load_address>
         <run_address>0xf0</run_address>
         <size>0x109a</size>
         <input_file_ref idref="fl-148"/>
      </object_component>
      <object_component id="oc-be">
         <name>.text</name>
         <load_address>0x118c</load_address>
         <run_address>0x118c</run_address>
         <size>0x900</size>
         <input_file_ref idref="fl-e"/>
      </object_component>
      <object_component id="oc-143">
         <name>.text</name>
         <load_address>0x1a8c</load_address>
         <run_address>0x1a8c</run_address>
         <size>0x510</size>
         <input_file_ref idref="fl-9"/>
      </object_component>
      <object_component id="oc-26e">
         <name>.text</name>
         <load_address>0x1f9c</load_address>
         <run_address>0x1f9c</run_address>
         <size>0x1f4</size>
         <input_file_ref idref="fl-15a"/>
      </object_component>
      <object_component id="oc-29d">
         <name>.text</name>
         <load_address>0x2190</load_address>
         <run_address>0x2190</run_address>
         <size>0x1b6</size>
         <input_file_ref idref="fl-14e"/>
      </object_component>
      <object_component id="oc-11b">
         <name>.text</name>
         <load_address>0x2348</load_address>
         <run_address>0x2348</run_address>
         <size>0x1b4</size>
         <input_file_ref idref="fl-16"/>
      </object_component>
      <object_component id="oc-1e1">
         <name>.text:SysCtlClockGet</name>
         <load_address>0x24fc</load_address>
         <run_address>0x24fc</run_address>
         <size>0x198</size>
         <input_file_ref idref="fl-166"/>
      </object_component>
      <object_component id="oc-ca">
         <name>.text</name>
         <load_address>0x2694</load_address>
         <run_address>0x2694</run_address>
         <size>0x194</size>
         <input_file_ref idref="fl-6"/>
      </object_component>
      <object_component id="oc-12e">
         <name>.text:SysCtlClockSet</name>
         <load_address>0x2828</load_address>
         <run_address>0x2828</run_address>
         <size>0x144</size>
         <input_file_ref idref="fl-166"/>
      </object_component>
      <object_component id="oc-283">
         <name>.text</name>
         <load_address>0x296c</load_address>
         <run_address>0x296c</run_address>
         <size>0x136</size>
         <input_file_ref idref="fl-150"/>
      </object_component>
      <object_component id="oc-105">
         <name>.text</name>
         <load_address>0x2aa2</load_address>
         <run_address>0x2aa2</run_address>
         <size>0x12a</size>
         <input_file_ref idref="fl-c"/>
      </object_component>
      <object_component id="oc-2fd">
         <name>.text</name>
         <load_address>0x2bcc</load_address>
         <run_address>0x2bcc</run_address>
         <size>0x110</size>
         <input_file_ref idref="fl-15c"/>
      </object_component>
      <object_component id="oc-d6">
         <name>.text</name>
         <load_address>0x2cdc</load_address>
         <run_address>0x2cdc</run_address>
         <size>0x100</size>
         <input_file_ref idref="fl-7"/>
      </object_component>
      <object_component id="oc-27e">
         <name>.text</name>
         <load_address>0x2ddc</load_address>
         <run_address>0x2ddc</run_address>
         <size>0xfc</size>
         <input_file_ref idref="fl-151"/>
      </object_component>
      <object_component id="oc-ff">
         <name>.text</name>
         <load_address>0x2ed8</load_address>
         <run_address>0x2ed8</run_address>
         <size>0xf0</size>
         <input_file_ref idref="fl-12"/>
      </object_component>
      <object_component id="oc-dc">
         <name>.text</name>
         <load_address>0x2fc8</load_address>
         <run_address>0x2fc8</run_address>
         <size>0xec</size>
         <input_file_ref idref="fl-4"/>
      </object_component>
      <object_component id="oc-17d">
         <name>.text:GPIOPadConfigSet</name>
         <load_address>0x30b4</load_address>
         <run_address>0x30b4</run_address>
         <size>0xc8</size>
         <input_file_ref idref="fl-169"/>
      </object_component>
      <object_component id="oc-9d">
         <name>.text</name>
         <load_address>0x317c</load_address>
         <run_address>0x317c</run_address>
         <size>0xc4</size>
         <input_file_ref idref="fl-2"/>
      </object_component>
      <object_component id="oc-321">
         <name>.text</name>
         <load_address>0x3240</load_address>
         <run_address>0x3240</run_address>
         <size>0xbe</size>
         <input_file_ref idref="fl-164"/>
      </object_component>
      <object_component id="oc-36">
         <name>.text</name>
         <load_address>0x32fe</load_address>
         <run_address>0x32fe</run_address>
         <size>0x9c</size>
         <input_file_ref idref="fl-142"/>
      </object_component>
      <object_component id="oc-155">
         <name>.text:SysCtlPeripheralReset</name>
         <load_address>0x339c</load_address>
         <run_address>0x339c</run_address>
         <size>0x88</size>
         <input_file_ref idref="fl-166"/>
      </object_component>
      <object_component id="oc-279">
         <name>.text:__aeabi_cdcmple</name>
         <load_address>0x3424</load_address>
         <run_address>0x3424</run_address>
         <size>0x86</size>
         <input_file_ref idref="fl-14f"/>
      </object_component>
      <object_component id="oc-288">
         <name>.text:__aeabi_cdrcmple</name>
         <load_address>0x34aa</load_address>
         <run_address>0x34aa</run_address>
         <size>0x86</size>
         <input_file_ref idref="fl-14f"/>
      </object_component>
      <object_component id="oc-10b">
         <name>.text</name>
         <load_address>0x3530</load_address>
         <run_address>0x3530</run_address>
         <size>0x80</size>
         <input_file_ref idref="fl-13"/>
      </object_component>
      <object_component id="oc-4f">
         <name>.text</name>
         <load_address>0x35b0</load_address>
         <run_address>0x35b0</run_address>
         <size>0x7a</size>
         <input_file_ref idref="fl-143"/>
      </object_component>
      <object_component id="oc-61">
         <name>.text</name>
         <load_address>0x362c</load_address>
         <run_address>0x362c</run_address>
         <size>0x6c</size>
         <input_file_ref idref="fl-14b"/>
      </object_component>
      <object_component id="oc-42">
         <name>.text</name>
         <load_address>0x3698</load_address>
         <run_address>0x3698</run_address>
         <size>0x6a</size>
         <input_file_ref idref="fl-13f"/>
      </object_component>
      <object_component id="oc-2f5">
         <name>.text</name>
         <load_address>0x3702</load_address>
         <run_address>0x3702</run_address>
         <size>0x66</size>
         <input_file_ref idref="fl-15d"/>
      </object_component>
      <object_component id="oc-15d">
         <name>.text</name>
         <load_address>0x3768</load_address>
         <run_address>0x3768</run_address>
         <size>0x60</size>
         <input_file_ref idref="fl-145"/>
      </object_component>
      <object_component id="oc-159">
         <name>.text:SysCtlPeripheralDisable</name>
         <load_address>0x37c8</load_address>
         <run_address>0x37c8</run_address>
         <size>0x58</size>
         <input_file_ref idref="fl-166"/>
      </object_component>
      <object_component id="oc-149">
         <name>.text:SysCtlPeripheralEnable</name>
         <load_address>0x3820</load_address>
         <run_address>0x3820</run_address>
         <size>0x58</size>
         <input_file_ref idref="fl-166"/>
      </object_component>
      <object_component id="oc-292">
         <name>.text</name>
         <load_address>0x3878</load_address>
         <run_address>0x3878</run_address>
         <size>0x56</size>
         <input_file_ref idref="fl-156"/>
      </object_component>
      <object_component id="oc-2c0">
         <name>.text</name>
         <load_address>0x38d0</load_address>
         <run_address>0x38d0</run_address>
         <size>0x4c</size>
         <input_file_ref idref="fl-14a"/>
      </object_component>
      <object_component id="oc-95">
         <name>.text</name>
         <load_address>0x391c</load_address>
         <run_address>0x391c</run_address>
         <size>0x4c</size>
         <input_file_ref idref="fl-14c"/>
      </object_component>
      <object_component id="oc-28d">
         <name>.text</name>
         <load_address>0x3968</load_address>
         <run_address>0x3968</run_address>
         <size>0x48</size>
         <input_file_ref idref="fl-152"/>
      </object_component>
      <object_component id="oc-2a8">
         <name>.text</name>
         <load_address>0x39b0</load_address>
         <run_address>0x39b0</run_address>
         <size>0x46</size>
         <input_file_ref idref="fl-155"/>
      </object_component>
      <object_component id="oc-1e5">
         <name>.text:SSIConfigSetExpClk</name>
         <load_address>0x39f6</load_address>
         <run_address>0x39f6</run_address>
         <size>0x44</size>
         <input_file_ref idref="fl-167"/>
      </object_component>
      <object_component id="oc-d0">
         <name>.text</name>
         <load_address>0x3a3c</load_address>
         <run_address>0x3a3c</run_address>
         <size>0x44</size>
         <input_file_ref idref="fl-5"/>
      </object_component>
      <object_component id="oc-6d">
         <name>.text</name>
         <load_address>0x3a80</load_address>
         <run_address>0x3a80</run_address>
         <size>0x44</size>
         <input_file_ref idref="fl-141"/>
      </object_component>
      <object_component id="oc-364">
         <name>.text</name>
         <load_address>0x3ac4</load_address>
         <run_address>0x3ac4</run_address>
         <size>0x40</size>
         <input_file_ref idref="fl-163"/>
      </object_component>
      <object_component id="oc-24">
         <name>.text</name>
         <load_address>0x3b04</load_address>
         <run_address>0x3b04</run_address>
         <size>0x3c</size>
         <input_file_ref idref="fl-13d"/>
      </object_component>
      <object_component id="oc-c4">
         <name>.text</name>
         <load_address>0x3b40</load_address>
         <run_address>0x3b40</run_address>
         <size>0x38</size>
         <input_file_ref idref="fl-8"/>
      </object_component>
      <object_component id="oc-132">
         <name>.text:IntRegister</name>
         <load_address>0x3b78</load_address>
         <run_address>0x3b78</run_address>
         <size>0x34</size>
         <input_file_ref idref="fl-168"/>
      </object_component>
      <object_component id="oc-330">
         <name>.text</name>
         <load_address>0x3bac</load_address>
         <run_address>0x3bac</run_address>
         <size>0x34</size>
         <input_file_ref idref="fl-161"/>
      </object_component>
      <object_component id="oc-303">
         <name>.text</name>
         <load_address>0x3be0</load_address>
         <run_address>0x3be0</run_address>
         <size>0x30</size>
         <input_file_ref idref="fl-15e"/>
      </object_component>
      <object_component id="oc-203">
         <name>.text:GPIODirModeSet</name>
         <load_address>0x3c10</load_address>
         <run_address>0x3c10</run_address>
         <size>0x2e</size>
         <input_file_ref idref="fl-169"/>
      </object_component>
      <object_component id="oc-298">
         <name>.text</name>
         <load_address>0x3c3e</load_address>
         <run_address>0x3c3e</run_address>
         <size>0x2e</size>
         <input_file_ref idref="fl-154"/>
      </object_component>
      <object_component id="oc-354">
         <name>.text</name>
         <load_address>0x3c6c</load_address>
         <run_address>0x3c6c</run_address>
         <size>0x2e</size>
         <input_file_ref idref="fl-162"/>
      </object_component>
      <object_component id="oc-2b4">
         <name>.text</name>
         <load_address>0x3c9a</load_address>
         <run_address>0x3c9a</run_address>
         <size>0x2a</size>
         <input_file_ref idref="fl-15b"/>
      </object_component>
      <object_component id="oc-2a2">
         <name>.text</name>
         <load_address>0x3cc4</load_address>
         <run_address>0x3cc4</run_address>
         <size>0x22</size>
         <input_file_ref idref="fl-153"/>
      </object_component>
      <object_component id="oc-136">
         <name>.text:SysTickIntRegister</name>
         <load_address>0x3ce8</load_address>
         <run_address>0x3ce8</run_address>
         <size>0x1c</size>
         <input_file_ref idref="fl-165"/>
      </object_component>
      <object_component id="oc-2ba">
         <name>.text</name>
         <load_address>0x3d04</load_address>
         <run_address>0x3d04</run_address>
         <size>0x1a</size>
         <input_file_ref idref="fl-157"/>
      </object_component>
      <object_component id="oc-67">
         <name>.text</name>
         <load_address>0x3d20</load_address>
         <run_address>0x3d20</run_address>
         <size>0x18</size>
         <input_file_ref idref="fl-149"/>
      </object_component>
      <object_component id="oc-2ae">
         <name>.text</name>
         <load_address>0x3d38</load_address>
         <run_address>0x3d38</run_address>
         <size>0x16</size>
         <input_file_ref idref="fl-158"/>
      </object_component>
      <object_component id="oc-13e">
         <name>.text:SysTickEnable</name>
         <load_address>0x3d50</load_address>
         <run_address>0x3d50</run_address>
         <size>0x14</size>
         <input_file_ref idref="fl-165"/>
      </object_component>
      <object_component id="oc-13a">
         <name>.text:SysTickIntEnable</name>
         <load_address>0x3d64</load_address>
         <run_address>0x3d64</run_address>
         <size>0x14</size>
         <input_file_ref idref="fl-165"/>
      </object_component>
      <object_component id="oc-ea">
         <name>.text</name>
         <load_address>0x3d78</load_address>
         <run_address>0x3d78</run_address>
         <size>0x14</size>
         <input_file_ref idref="fl-147"/>
      </object_component>
      <object_component id="oc-273">
         <name>.text</name>
         <load_address>0x3d8c</load_address>
         <run_address>0x3d8c</run_address>
         <size>0x14</size>
         <input_file_ref idref="fl-159"/>
      </object_component>
      <object_component id="oc-14d">
         <name>.text:GPIOPinTypeGPIOInput</name>
         <load_address>0x3da0</load_address>
         <run_address>0x3da0</run_address>
         <size>0x12</size>
         <input_file_ref idref="fl-169"/>
      </object_component>
      <object_component id="oc-168">
         <name>.text:GPIOPinTypeGPIOOutput</name>
         <load_address>0x3db2</load_address>
         <run_address>0x3db2</run_address>
         <size>0x12</size>
         <input_file_ref idref="fl-169"/>
      </object_component>
      <object_component id="oc-1e9">
         <name>.text:GPIOPinTypeSSI</name>
         <load_address>0x3dc4</load_address>
         <run_address>0x3dc4</run_address>
         <size>0x12</size>
         <input_file_ref idref="fl-169"/>
      </object_component>
      <object_component id="oc-1f1">
         <name>.text:SSIDataGetNonBlocking</name>
         <load_address>0x3dd6</load_address>
         <run_address>0x3dd6</run_address>
         <size>0x12</size>
         <input_file_ref idref="fl-167"/>
      </object_component>
      <object_component id="oc-12">
         <name>.text:decompress:none</name>
         <load_address>0x3de8</load_address>
         <run_address>0x3de8</run_address>
         <size>0xe</size>
         <input_file_ref idref="fl-13e"/>
      </object_component>
      <object_component id="oc-1e">
         <name>.text:decompress:ZI</name>
         <load_address>0x3df6</load_address>
         <run_address>0x3df6</run_address>
         <size>0xc</size>
         <input_file_ref idref="fl-140"/>
      </object_component>
      <object_component id="oc-2d">
         <name>.text</name>
         <load_address>0x3e02</load_address>
         <run_address>0x3e02</run_address>
         <size>0xc</size>
         <input_file_ref idref="fl-3"/>
      </object_component>
      <object_component id="oc-1d6">
         <name>.text:SSIDataPut</name>
         <load_address>0x3e0e</load_address>
         <run_address>0x3e0e</run_address>
         <size>0xa</size>
         <input_file_ref idref="fl-167"/>
      </object_component>
      <object_component id="oc-1dd">
         <name>.text:SSIDisable</name>
         <load_address>0x3e18</load_address>
         <run_address>0x3e18</run_address>
         <size>0xa</size>
         <input_file_ref idref="fl-167"/>
      </object_component>
      <object_component id="oc-1ed">
         <name>.text:SSIEnable</name>
         <load_address>0x3e22</load_address>
         <run_address>0x3e22</run_address>
         <size>0xa</size>
         <input_file_ref idref="fl-167"/>
      </object_component>
      <object_component id="oc-1d2">
         <name>.text:SSIBusy</name>
         <load_address>0x3e2c</load_address>
         <run_address>0x3e2c</run_address>
         <size>0x8</size>
         <input_file_ref idref="fl-167"/>
      </object_component>
      <object_component id="oc-151">
         <name>.text:GPIOPinRead</name>
         <load_address>0x3e34</load_address>
         <run_address>0x3e34</run_address>
         <size>0x6</size>
         <input_file_ref idref="fl-169"/>
      </object_component>
      <object_component id="oc-16c">
         <name>.text:GPIOPinWrite</name>
         <load_address>0x3e3a</load_address>
         <run_address>0x3e3a</run_address>
         <size>0x6</size>
         <input_file_ref idref="fl-169"/>
      </object_component>
      <object_component id="oc-1c3">
         <name>.text:SysCtlDelay</name>
         <load_address>0x3e40</load_address>
         <run_address>0x3e40</run_address>
         <size>0x6</size>
         <input_file_ref idref="fl-166"/>
      </object_component>
      <object_component id="oc-18">
         <name>.text:decompress:rle24</name>
         <load_address>0x3e46</load_address>
         <run_address>0x3e46</run_address>
         <size>0x6</size>
         <input_file_ref idref="fl-13f"/>
      </object_component>
      <object_component id="oc-5b">
         <name>.text</name>
         <load_address>0x3e4c</load_address>
         <run_address>0x3e4c</run_address>
         <size>0x4</size>
         <input_file_ref idref="fl-144"/>
      </object_component>
      <object_component id="oc-1f9">
         <name>.const:g_pucFont</name>
         <load_address>0x3e50</load_address>
         <run_address>0x3e50</run_address>
         <size>0x1e0</size>
         <input_file_ref idref="fl-9"/>
      </object_component>
      <object_component id="oc-311">
         <name>.const:.string:_ctypes_</name>
         <load_address>0x4030</load_address>
         <run_address>0x4030</run_address>
         <size>0x101</size>
         <input_file_ref idref="fl-14d"/>
      </object_component>
      <object_component id="oc-1be">
         <name>.const</name>
         <load_address>0x4132</load_address>
         <run_address>0x4132</run_address>
         <size>0x2</size>
         <input_file_ref idref="fl-16"/>
      </object_component>
      <object_component id="oc-25c">
         <name>.const:g_pulXtals</name>
         <load_address>0x4134</load_address>
         <run_address>0x4134</run_address>
         <size>0x6c</size>
         <input_file_ref idref="fl-166"/>
      </object_component>
      <object_component id="oc-1fc">
         <name>.const:.string:g_pucRIT128x96x4Init</name>
         <load_address>0x41a0</load_address>
         <run_address>0x41a0</run_address>
         <size>0x4f</size>
         <input_file_ref idref="fl-9"/>
      </object_component>
      <object_component id="oc-200">
         <name>.const</name>
         <load_address>0x41f0</load_address>
         <run_address>0x41f0</run_address>
         <size>0x40</size>
         <input_file_ref idref="fl-166"/>
      </object_component>
      <object_component id="oc-179">
         <name>.const</name>
         <load_address>0x4230</load_address>
         <run_address>0x4230</run_address>
         <size>0x14</size>
         <input_file_ref idref="fl-7"/>
      </object_component>
      <object_component id="oc-1f6">
         <name>.const:.string</name>
         <load_address>0x4244</load_address>
         <run_address>0x4244</run_address>
         <size>0xc</size>
         <input_file_ref idref="fl-9"/>
      </object_component>
      <object_component id="oc-3ab">
         <name>.cinit..data.load</name>
         <load_address>0x4250</load_address>
         <run_address>0x4250</run_address>
         <size>0x5d</size>
      </object_component>
      <object_component id="oc-3a8">
         <name>__TI_handler_table</name>
         <load_address>0x42b0</load_address>
         <run_address>0x42b0</run_address>
         <size>0xc</size>
      </object_component>
      <object_component id="oc-3ac">
         <name>.cinit..bss.load</name>
         <load_address>0x42c0</load_address>
         <run_address>0x42c0</run_address>
         <size>0x8</size>
      </object_component>
      <object_component id="oc-3aa">
         <name>.cinit..vtable.load</name>
         <load_address>0x42c8</load_address>
         <run_address>0x42c8</run_address>
         <size>0x8</size>
      </object_component>
      <object_component id="oc-3a9">
         <name>__TI_cinit_table</name>
         <load_address>0x42d0</load_address>
         <run_address>0x42d0</run_address>
         <size>0x18</size>
      </object_component>
      <object_component id="oc-1ca">
         <name>.vtable</name>
         <uninitialized>true</uninitialized>
         <run_address>0x20000000</run_address>
         <size>0x26c</size>
         <input_file_ref idref="fl-168"/>
      </object_component>
      <object_component id="oc-29">
         <name>.stack</name>
         <uninitialized>true</uninitialized>
         <run_address>0x2000242c</run_address>
         <size>0x0</size>
         <input_file_ref idref="fl-13d"/>
      </object_component>
      <object_component id="oc-3ad">
         <name>.stack</name>
         <uninitialized>true</uninitialized>
         <run_address>0x2000242c</run_address>
         <size>0x0</size>
      </object_component>
      <object_component id="oc-2a">
         <name>.bss:pulStack</name>
         <uninitialized>true</uninitialized>
         <run_address>0x20002270</run_address>
         <size>0x100</size>
         <input_file_ref idref="fl-3"/>
      </object_component>
      <object_component id="oc-113">
         <name>.bss:pxReadyTasksLists</name>
         <uninitialized>true</uninitialized>
         <run_address>0x20002370</run_address>
         <size>0x50</size>
         <input_file_ref idref="fl-e"/>
      </object_component>
      <object_component id="oc-1ba">
         <name>.bss:xHeap</name>
         <uninitialized>true</uninitialized>
         <run_address>0x20000270</run_address>
         <size>0x2000</size>
         <input_file_ref idref="fl-16"/>
      </object_component>
      <object_component id="oc-181">
         <name>.common:delay</name>
         <uninitialized>true</uninitialized>
         <run_address>0x20002414</run_address>
         <size>0x4</size>
      </object_component>
      <object_component id="oc-178">
         <name>.common:tone</name>
         <uninitialized>true</uninitialized>
         <run_address>0x20002428</run_address>
         <size>0x4</size>
      </object_component>
      <object_component id="oc-172">
         <name>.common:flag</name>
         <uninitialized>true</uninitialized>
         <run_address>0x20002418</run_address>
         <size>0x4</size>
      </object_component>
      <object_component id="oc-1da">
         <name>.common:g_ulSSIFlags</name>
         <uninitialized>true</uninitialized>
         <run_address>0x2000241c</run_address>
         <size>0x4</size>
      </object_component>
      <object_component id="oc-1f5">
         <name>.common:g_pucBuffer</name>
         <uninitialized>true</uninitialized>
         <run_address>0x200023fc</run_address>
         <size>0x8</size>
      </object_component>
      <object_component id="oc-121">
         <name>.common:xDelayedTaskList1</name>
         <uninitialized>true</uninitialized>
         <run_address>0x200023c0</run_address>
         <size>0x14</size>
      </object_component>
      <object_component id="oc-122">
         <name>.common:xDelayedTaskList2</name>
         <uninitialized>true</uninitialized>
         <run_address>0x200023d4</run_address>
         <size>0x14</size>
      </object_component>
      <object_component id="oc-119">
         <name>.common:pxDelayedTaskList</name>
         <uninitialized>true</uninitialized>
         <run_address>0x20002420</run_address>
         <size>0x4</size>
      </object_component>
      <object_component id="oc-11a">
         <name>.common:pxOverflowDelayedTaskList</name>
         <uninitialized>true</uninitialized>
         <run_address>0x20002424</run_address>
         <size>0x4</size>
      </object_component>
      <object_component id="oc-116">
         <name>.common:xPendingReadyList</name>
         <uninitialized>true</uninitialized>
         <run_address>0x200023e8</run_address>
         <size>0x14</size>
      </object_component>
      <object_component id="oc-1b7">
         <name>.common:xStart</name>
         <uninitialized>true</uninitialized>
         <run_address>0x2000240c</run_address>
         <size>0x8</size>
      </object_component>
      <object_component id="oc-1bd">
         <name>.common:xEnd</name>
         <uninitialized>true</uninitialized>
         <run_address>0x20002404</run_address>
         <size>0x8</size>
      </object_component>
      <object_component id="oc-184">
         <name>.data</name>
         <load_address>0x2000358c</load_address>
         <run_address>0x2000358c</run_address>
         <size>0x9</size>
         <input_file_ref idref="fl-4"/>
      </object_component>
      <object_component id="oc-175">
         <name>.data</name>
         <load_address>0x200035c8</load_address>
         <run_address>0x200035c8</run_address>
         <size>0x4</size>
         <input_file_ref idref="fl-7"/>
      </object_component>
      <object_component id="oc-110">
         <name>.data</name>
         <load_address>0x20003560</load_address>
         <run_address>0x20003560</run_address>
         <size>0x2c</size>
         <input_file_ref idref="fl-e"/>
      </object_component>
      <object_component id="oc-163">
         <name>.data</name>
         <load_address>0x20003598</load_address>
         <run_address>0x20003598</run_address>
         <size>0x8</size>
         <input_file_ref idref="fl-12"/>
      </object_component>
      <object_component id="oc-1b4">
         <name>.data</name>
         <load_address>0x200035a0</load_address>
         <run_address>0x200035a0</run_address>
         <size>0x8</size>
         <input_file_ref idref="fl-16"/>
      </object_component>
      <object_component id="oc-a8">
         <name>.data</name>
         <load_address>0x200035b0</load_address>
         <run_address>0x200035b0</run_address>
         <size>0x8</size>
         <input_file_ref idref="fl-141"/>
      </object_component>
      <object_component id="oc-73">
         <name>.data</name>
         <load_address>0x200035c4</load_address>
         <run_address>0x200035c4</run_address>
         <size>0x4</size>
         <input_file_ref idref="fl-146"/>
      </object_component>
      <object_component id="oc-a5">
         <name>.data</name>
         <load_address>0x200035a8</load_address>
         <run_address>0x200035a8</run_address>
         <size>0x8</size>
         <input_file_ref idref="fl-147"/>
      </object_component>
      <object_component id="oc-32b">
         <name>.data</name>
         <load_address>0x200034e0</load_address>
         <run_address>0x200034e0</run_address>
         <size>0x80</size>
         <input_file_ref idref="fl-15f"/>
      </object_component>
      <object_component id="oc-336">
         <name>.data</name>
         <load_address>0x200035c0</load_address>
         <run_address>0x200035c0</run_address>
         <size>0x4</size>
         <input_file_ref idref="fl-160"/>
      </object_component>
      <object_component id="oc-35a">
         <name>.data</name>
         <load_address>0x200035b8</load_address>
         <run_address>0x200035b8</run_address>
         <size>0x8</size>
         <input_file_ref idref="fl-161"/>
      </object_component>
      <object_component id="oc-375">
         <name>.data:sigtable</name>
         <load_address>0x20003430</load_address>
         <run_address>0x20003430</run_address>
         <size>0xb0</size>
         <input_file_ref idref="fl-163"/>
      </object_component>
      <object_component id="oc-1c2">
         <name>.debug_info</name>
         <load_address>0x0</load_address>
         <run_address>0x0</run_address>
         <size>0x292</size>
         <input_file_ref idref="fl-2"/>
      </object_component>
      <object_component id="oc-9e">
         <name>.debug_info</name>
         <load_address>0x292</load_address>
         <run_address>0x292</run_address>
         <size>0x183</size>
         <input_file_ref idref="fl-2"/>
      </object_component>
      <object_component id="oc-196">
         <name>.debug_info</name>
         <load_address>0x415</load_address>
         <run_address>0x415</run_address>
         <size>0x2ab</size>
         <input_file_ref idref="fl-2"/>
      </object_component>
      <object_component id="oc-7c">
         <name>.debug_info</name>
         <load_address>0x6c0</load_address>
         <run_address>0x6c0</run_address>
         <size>0x84</size>
         <input_file_ref idref="fl-2"/>
      </object_component>
      <object_component id="oc-129">
         <name>.debug_info</name>
         <load_address>0x744</load_address>
         <run_address>0x744</run_address>
         <size>0x2c</size>
         <input_file_ref idref="fl-2"/>
      </object_component>
      <object_component id="oc-1a0">
         <name>.debug_info</name>
         <load_address>0x770</load_address>
         <run_address>0x770</run_address>
         <size>0x18b</size>
         <input_file_ref idref="fl-2"/>
      </object_component>
      <object_component id="oc-256">
         <name>.debug_info</name>
         <load_address>0x8fb</load_address>
         <run_address>0x8fb</run_address>
         <size>0x2c</size>
         <input_file_ref idref="fl-2"/>
      </object_component>
      <object_component id="oc-124">
         <name>.debug_info</name>
         <load_address>0x927</load_address>
         <run_address>0x927</run_address>
         <size>0xae</size>
         <input_file_ref idref="fl-2"/>
      </object_component>
      <object_component id="oc-214">
         <name>.debug_info</name>
         <load_address>0x9d5</load_address>
         <run_address>0x9d5</run_address>
         <size>0x4e</size>
         <input_file_ref idref="fl-2"/>
      </object_component>
      <object_component id="oc-1aa">
         <name>.debug_info</name>
         <load_address>0xa23</load_address>
         <run_address>0xa23</run_address>
         <size>0x14c</size>
         <input_file_ref idref="fl-2"/>
      </object_component>
      <object_component id="oc-35">
         <name>.debug_info</name>
         <load_address>0xb6f</load_address>
         <run_address>0xb6f</run_address>
         <size>0xf3</size>
         <input_file_ref idref="fl-3"/>
      </object_component>
      <object_component id="oc-2b">
         <name>.debug_info</name>
         <load_address>0xc62</load_address>
         <run_address>0xc62</run_address>
         <size>0xe3</size>
         <input_file_ref idref="fl-3"/>
      </object_component>
      <object_component id="oc-10">
         <name>.debug_info</name>
         <load_address>0xd45</load_address>
         <run_address>0xd45</run_address>
         <size>0xec</size>
         <input_file_ref idref="fl-3"/>
      </object_component>
      <object_component id="oc-2e">
         <name>.debug_info</name>
         <load_address>0xe31</load_address>
         <run_address>0xe31</run_address>
         <size>0x2af</size>
         <input_file_ref idref="fl-3"/>
      </object_component>
      <object_component id="oc-182">
         <name>.debug_info</name>
         <load_address>0x10e0</load_address>
         <run_address>0x10e0</run_address>
         <size>0x25d</size>
         <input_file_ref idref="fl-4"/>
      </object_component>
      <object_component id="oc-185">
         <name>.debug_info</name>
         <load_address>0x133d</load_address>
         <run_address>0x133d</run_address>
         <size>0xe7</size>
         <input_file_ref idref="fl-4"/>
      </object_component>
      <object_component id="oc-dd">
         <name>.debug_info</name>
         <load_address>0x1424</load_address>
         <run_address>0x1424</run_address>
         <size>0x1c1</size>
         <input_file_ref idref="fl-4"/>
      </object_component>
      <object_component id="oc-22c">
         <name>.debug_info</name>
         <load_address>0x15e5</load_address>
         <run_address>0x15e5</run_address>
         <size>0x55</size>
         <input_file_ref idref="fl-4"/>
      </object_component>
      <object_component id="oc-171">
         <name>.debug_info</name>
         <load_address>0x163a</load_address>
         <run_address>0x163a</run_address>
         <size>0x223</size>
         <input_file_ref idref="fl-5"/>
      </object_component>
      <object_component id="oc-d1">
         <name>.debug_info</name>
         <load_address>0x185d</load_address>
         <run_address>0x185d</run_address>
         <size>0x1b6</size>
         <input_file_ref idref="fl-5"/>
      </object_component>
      <object_component id="oc-167">
         <name>.debug_info</name>
         <load_address>0x1a13</load_address>
         <run_address>0x1a13</run_address>
         <size>0x3db</size>
         <input_file_ref idref="fl-6"/>
      </object_component>
      <object_component id="oc-cb">
         <name>.debug_info</name>
         <load_address>0x1dee</load_address>
         <run_address>0x1dee</run_address>
         <size>0x3e9</size>
         <input_file_ref idref="fl-6"/>
      </object_component>
      <object_component id="oc-173">
         <name>.debug_info</name>
         <load_address>0x21d7</load_address>
         <run_address>0x21d7</run_address>
         <size>0x26b</size>
         <input_file_ref idref="fl-7"/>
      </object_component>
      <object_component id="oc-17a">
         <name>.debug_info</name>
         <load_address>0x2442</load_address>
         <run_address>0x2442</run_address>
         <size>0xcc</size>
         <input_file_ref idref="fl-7"/>
      </object_component>
      <object_component id="oc-176">
         <name>.debug_info</name>
         <load_address>0x250e</load_address>
         <run_address>0x250e</run_address>
         <size>0xc6</size>
         <input_file_ref idref="fl-7"/>
      </object_component>
      <object_component id="oc-d7">
         <name>.debug_info</name>
         <load_address>0x25d4</load_address>
         <run_address>0x25d4</run_address>
         <size>0x28c</size>
         <input_file_ref idref="fl-7"/>
      </object_component>
      <object_component id="oc-c5">
         <name>.debug_info</name>
         <load_address>0x2860</load_address>
         <run_address>0x2860</run_address>
         <size>0x183</size>
         <input_file_ref idref="fl-8"/>
      </object_component>
      <object_component id="oc-1db">
         <name>.debug_info</name>
         <load_address>0x29e3</load_address>
         <run_address>0x29e3</run_address>
         <size>0x41a</size>
         <input_file_ref idref="fl-9"/>
      </object_component>
      <object_component id="oc-1f7">
         <name>.debug_info</name>
         <load_address>0x2dfd</load_address>
         <run_address>0x2dfd</run_address>
         <size>0x160</size>
         <input_file_ref idref="fl-9"/>
      </object_component>
      <object_component id="oc-1fa">
         <name>.debug_info</name>
         <load_address>0x2f5d</load_address>
         <run_address>0x2f5d</run_address>
         <size>0xf2</size>
         <input_file_ref idref="fl-9"/>
      </object_component>
      <object_component id="oc-1fd">
         <name>.debug_info</name>
         <load_address>0x304f</load_address>
         <run_address>0x304f</run_address>
         <size>0x108</size>
         <input_file_ref idref="fl-9"/>
      </object_component>
      <object_component id="oc-144">
         <name>.debug_info</name>
         <load_address>0x3157</load_address>
         <run_address>0x3157</run_address>
         <size>0xefa</size>
         <input_file_ref idref="fl-9"/>
      </object_component>
      <object_component id="oc-235">
         <name>.debug_info</name>
         <load_address>0x4051</load_address>
         <run_address>0x4051</run_address>
         <size>0x48d</size>
         <input_file_ref idref="fl-b"/>
      </object_component>
      <object_component id="oc-1af">
         <name>.debug_info</name>
         <load_address>0x44de</load_address>
         <run_address>0x44de</run_address>
         <size>0x110</size>
         <input_file_ref idref="fl-b"/>
      </object_component>
      <object_component id="oc-2db">
         <name>.debug_info</name>
         <load_address>0x45ee</load_address>
         <run_address>0x45ee</run_address>
         <size>0x39</size>
         <input_file_ref idref="fl-b"/>
      </object_component>
      <object_component id="oc-19b">
         <name>.debug_info</name>
         <load_address>0x4627</load_address>
         <run_address>0x4627</run_address>
         <size>0x46</size>
         <input_file_ref idref="fl-b"/>
      </object_component>
      <object_component id="oc-2e0">
         <name>.debug_info</name>
         <load_address>0x466d</load_address>
         <run_address>0x466d</run_address>
         <size>0x70</size>
         <input_file_ref idref="fl-b"/>
      </object_component>
      <object_component id="oc-18e">
         <name>.debug_info</name>
         <load_address>0x46dd</load_address>
         <run_address>0x46dd</run_address>
         <size>0x139</size>
         <input_file_ref idref="fl-c"/>
      </object_component>
      <object_component id="oc-106">
         <name>.debug_info</name>
         <load_address>0x4816</load_address>
         <run_address>0x4816</run_address>
         <size>0x5a6</size>
         <input_file_ref idref="fl-c"/>
      </object_component>
      <object_component id="oc-117">
         <name>.debug_info</name>
         <load_address>0x4dbc</load_address>
         <run_address>0x4dbc</run_address>
         <size>0x637</size>
         <input_file_ref idref="fl-e"/>
      </object_component>
      <object_component id="oc-111">
         <name>.debug_info</name>
         <load_address>0x53f3</load_address>
         <run_address>0x53f3</run_address>
         <size>0x2d9</size>
         <input_file_ref idref="fl-e"/>
      </object_component>
      <object_component id="oc-114">
         <name>.debug_info</name>
         <load_address>0x56cc</load_address>
         <run_address>0x56cc</run_address>
         <size>0xfa</size>
         <input_file_ref idref="fl-e"/>
      </object_component>
      <object_component id="oc-bf">
         <name>.debug_info</name>
         <load_address>0x57c6</load_address>
         <run_address>0x57c6</run_address>
         <size>0x23cd</size>
         <input_file_ref idref="fl-e"/>
      </object_component>
      <object_component id="oc-1a5">
         <name>.debug_info</name>
         <load_address>0x7b93</load_address>
         <run_address>0x7b93</run_address>
         <size>0xcd</size>
         <input_file_ref idref="fl-e"/>
      </object_component>
      <object_component id="oc-18c">
         <name>.debug_info</name>
         <load_address>0x7c60</load_address>
         <run_address>0x7c60</run_address>
         <size>0x223</size>
         <input_file_ref idref="fl-12"/>
      </object_component>
      <object_component id="oc-164">
         <name>.debug_info</name>
         <load_address>0x7e83</load_address>
         <run_address>0x7e83</run_address>
         <size>0x141</size>
         <input_file_ref idref="fl-12"/>
      </object_component>
      <object_component id="oc-100">
         <name>.debug_info</name>
         <load_address>0x7fc4</load_address>
         <run_address>0x7fc4</run_address>
         <size>0x8a1</size>
         <input_file_ref idref="fl-12"/>
      </object_component>
      <object_component id="oc-10c">
         <name>.debug_info</name>
         <load_address>0x8865</load_address>
         <run_address>0x8865</run_address>
         <size>0x182</size>
         <input_file_ref idref="fl-13"/>
      </object_component>
      <object_component id="oc-1b8">
         <name>.debug_info</name>
         <load_address>0x89e7</load_address>
         <run_address>0x89e7</run_address>
         <size>0x218</size>
         <input_file_ref idref="fl-16"/>
      </object_component>
      <object_component id="oc-1bb">
         <name>.debug_info</name>
         <load_address>0x8bff</load_address>
         <run_address>0x8bff</run_address>
         <size>0xea</size>
         <input_file_ref idref="fl-16"/>
      </object_component>
      <object_component id="oc-1bf">
         <name>.debug_info</name>
         <load_address>0x8ce9</load_address>
         <run_address>0x8ce9</run_address>
         <size>0xfe</size>
         <input_file_ref idref="fl-16"/>
      </object_component>
      <object_component id="oc-1b5">
         <name>.debug_info</name>
         <load_address>0x8de7</load_address>
         <run_address>0x8de7</run_address>
         <size>0x106</size>
         <input_file_ref idref="fl-16"/>
      </object_component>
      <object_component id="oc-11c">
         <name>.debug_info</name>
         <load_address>0x8eed</load_address>
         <run_address>0x8eed</run_address>
         <size>0x5e0</size>
         <input_file_ref idref="fl-16"/>
      </object_component>
      <object_component id="oc-23a">
         <name>.debug_info</name>
         <load_address>0x94cd</load_address>
         <run_address>0x94cd</run_address>
         <size>0xa7</size>
         <input_file_ref idref="fl-16"/>
      </object_component>
      <object_component id="oc-25">
         <name>.debug_info</name>
         <load_address>0x9574</load_address>
         <run_address>0x9574</run_address>
         <size>0x138</size>
         <input_file_ref idref="fl-13d"/>
      </object_component>
      <object_component id="oc-41">
         <name>.debug_info</name>
         <load_address>0x96ac</load_address>
         <run_address>0x96ac</run_address>
         <size>0x123</size>
         <input_file_ref idref="fl-13e"/>
      </object_component>
      <object_component id="oc-15">
         <name>.debug_info</name>
         <load_address>0x97cf</load_address>
         <run_address>0x97cf</run_address>
         <size>0x1c2</size>
         <input_file_ref idref="fl-13e"/>
      </object_component>
      <object_component id="oc-3c">
         <name>.debug_info</name>
         <load_address>0x9991</load_address>
         <run_address>0x9991</run_address>
         <size>0x46</size>
         <input_file_ref idref="fl-13e"/>
      </object_component>
      <object_component id="oc-82">
         <name>.debug_info</name>
         <load_address>0x99d7</load_address>
         <run_address>0x99d7</run_address>
         <size>0x2c</size>
         <input_file_ref idref="fl-13e"/>
      </object_component>
      <object_component id="oc-49">
         <name>.debug_info</name>
         <load_address>0x9a03</load_address>
         <run_address>0x9a03</run_address>
         <size>0x117</size>
         <input_file_ref idref="fl-13f"/>
      </object_component>
      <object_component id="oc-45">
         <name>.debug_info</name>
         <load_address>0x9b1a</load_address>
         <run_address>0x9b1a</run_address>
         <size>0x22a</size>
         <input_file_ref idref="fl-13f"/>
      </object_component>
      <object_component id="oc-1a">
         <name>.debug_info</name>
         <load_address>0x9d44</load_address>
         <run_address>0x9d44</run_address>
         <size>0x1bc</size>
         <input_file_ref idref="fl-13f"/>
      </object_component>
      <object_component id="oc-4a">
         <name>.debug_info</name>
         <load_address>0x9f00</load_address>
         <run_address>0x9f00</run_address>
         <size>0x39</size>
         <input_file_ref idref="fl-13f"/>
      </object_component>
      <object_component id="oc-8c">
         <name>.debug_info</name>
         <load_address>0x9f39</load_address>
         <run_address>0x9f39</run_address>
         <size>0x2c</size>
         <input_file_ref idref="fl-13f"/>
      </object_component>
      <object_component id="oc-5a">
         <name>.debug_info</name>
         <load_address>0x9f65</load_address>
         <run_address>0x9f65</run_address>
         <size>0x112</size>
         <input_file_ref idref="fl-140"/>
      </object_component>
      <object_component id="oc-1f">
         <name>.debug_info</name>
         <load_address>0xa077</load_address>
         <run_address>0xa077</run_address>
         <size>0x18d</size>
         <input_file_ref idref="fl-140"/>
      </object_component>
      <object_component id="oc-55">
         <name>.debug_info</name>
         <load_address>0xa204</load_address>
         <run_address>0xa204</run_address>
         <size>0x46</size>
         <input_file_ref idref="fl-140"/>
      </object_component>
      <object_component id="oc-ac">
         <name>.debug_info</name>
         <load_address>0xa24a</load_address>
         <run_address>0xa24a</run_address>
         <size>0x174</size>
         <input_file_ref idref="fl-141"/>
      </object_component>
      <object_component id="oc-a9">
         <name>.debug_info</name>
         <load_address>0xa3be</load_address>
         <run_address>0xa3be</run_address>
         <size>0x119</size>
         <input_file_ref idref="fl-141"/>
      </object_component>
      <object_component id="oc-70">
         <name>.debug_info</name>
         <load_address>0xa4d7</load_address>
         <run_address>0xa4d7</run_address>
         <size>0x1f0</size>
         <input_file_ref idref="fl-141"/>
      </object_component>
      <object_component id="oc-37">
         <name>.debug_info</name>
         <load_address>0xa6c7</load_address>
         <run_address>0xa6c7</run_address>
         <size>0xfa</size>
         <input_file_ref idref="fl-142"/>
      </object_component>
      <object_component id="oc-50">
         <name>.debug_info</name>
         <load_address>0xa7c1</load_address>
         <run_address>0xa7c1</run_address>
         <size>0x12a</size>
         <input_file_ref idref="fl-143"/>
      </object_component>
      <object_component id="oc-5c">
         <name>.debug_info</name>
         <load_address>0xa8eb</load_address>
         <run_address>0xa8eb</run_address>
         <size>0x12b</size>
         <input_file_ref idref="fl-144"/>
      </object_component>
      <object_component id="oc-213">
         <name>.debug_info</name>
         <load_address>0xaa16</load_address>
         <run_address>0xaa16</run_address>
         <size>0x19e</size>
         <input_file_ref idref="fl-145"/>
      </object_component>
      <object_component id="oc-161">
         <name>.debug_info</name>
         <load_address>0xabb4</load_address>
         <run_address>0xabb4</run_address>
         <size>0x2e3</size>
         <input_file_ref idref="fl-145"/>
      </object_component>
      <object_component id="oc-2cd">
         <name>.debug_info</name>
         <load_address>0xae97</load_address>
         <run_address>0xae97</run_address>
         <size>0x2c</size>
         <input_file_ref idref="fl-145"/>
      </object_component>
      <object_component id="oc-74">
         <name>.debug_info</name>
         <load_address>0xaec3</load_address>
         <run_address>0xaec3</run_address>
         <size>0xec</size>
         <input_file_ref idref="fl-146"/>
      </object_component>
      <object_component id="oc-f2">
         <name>.debug_info</name>
         <load_address>0xafaf</load_address>
         <run_address>0xafaf</run_address>
         <size>0x107</size>
         <input_file_ref idref="fl-147"/>
      </object_component>
      <object_component id="oc-a6">
         <name>.debug_info</name>
         <load_address>0xb0b6</load_address>
         <run_address>0xb0b6</run_address>
         <size>0xf6</size>
         <input_file_ref idref="fl-147"/>
      </object_component>
      <object_component id="oc-ed">
         <name>.debug_info</name>
         <load_address>0xb1ac</load_address>
         <run_address>0xb1ac</run_address>
         <size>0x202</size>
         <input_file_ref idref="fl-147"/>
      </object_component>
      <object_component id="oc-2c7">
         <name>.debug_info</name>
         <load_address>0xb3ae</load_address>
         <run_address>0xb3ae</run_address>
         <size>0x3ae</size>
         <input_file_ref idref="fl-148"/>
      </object_component>
      <object_component id="oc-20f">
         <name>.debug_info</name>
         <load_address>0xb75c</load_address>
         <run_address>0xb75c</run_address>
         <size>0x1811</size>
         <input_file_ref idref="fl-148"/>
      </object_component>
      <object_component id="oc-2c8">
         <name>.debug_info</name>
         <load_address>0xcf6d</load_address>
         <run_address>0xcf6d</run_address>
         <size>0x86</size>
         <input_file_ref idref="fl-148"/>
      </object_component>
      <object_component id="oc-318">
         <name>.debug_info</name>
         <load_address>0xcff3</load_address>
         <run_address>0xcff3</run_address>
         <size>0x46</size>
         <input_file_ref idref="fl-148"/>
      </object_component>
      <object_component id="oc-2d2">
         <name>.debug_info</name>
         <load_address>0xd039</load_address>
         <run_address>0xd039</run_address>
         <size>0x39</size>
         <input_file_ref idref="fl-148"/>
      </object_component>
      <object_component id="oc-a4">
         <name>.debug_info</name>
         <load_address>0xd072</load_address>
         <run_address>0xd072</run_address>
         <size>0x149</size>
         <input_file_ref idref="fl-149"/>
      </object_component>
      <object_component id="oc-6b">
         <name>.debug_info</name>
         <load_address>0xd1bb</load_address>
         <run_address>0xd1bb</run_address>
         <size>0x14a</size>
         <input_file_ref idref="fl-149"/>
      </object_component>
      <object_component id="oc-e5">
         <name>.debug_info</name>
         <load_address>0xd305</load_address>
         <run_address>0xd305</run_address>
         <size>0x5e</size>
         <input_file_ref idref="fl-149"/>
      </object_component>
      <object_component id="oc-315">
         <name>.debug_info</name>
         <load_address>0xd363</load_address>
         <run_address>0xd363</run_address>
         <size>0xf7</size>
         <input_file_ref idref="fl-14a"/>
      </object_component>
      <object_component id="oc-2c3">
         <name>.debug_info</name>
         <load_address>0xd45a</load_address>
         <run_address>0xd45a</run_address>
         <size>0x154</size>
         <input_file_ref idref="fl-14a"/>
      </object_component>
      <object_component id="oc-9c">
         <name>.debug_info</name>
         <load_address>0xd5ae</load_address>
         <run_address>0xd5ae</run_address>
         <size>0x2a0</size>
         <input_file_ref idref="fl-14b"/>
      </object_component>
      <object_component id="oc-65">
         <name>.debug_info</name>
         <load_address>0xd84e</load_address>
         <run_address>0xd84e</run_address>
         <size>0x194</size>
         <input_file_ref idref="fl-14b"/>
      </object_component>
      <object_component id="oc-b4">
         <name>.debug_info</name>
         <load_address>0xd9e2</load_address>
         <run_address>0xd9e2</run_address>
         <size>0x39</size>
         <input_file_ref idref="fl-14b"/>
      </object_component>
      <object_component id="oc-b9">
         <name>.debug_info</name>
         <load_address>0xda1b</load_address>
         <run_address>0xda1b</run_address>
         <size>0xcd</size>
         <input_file_ref idref="fl-14b"/>
      </object_component>
      <object_component id="oc-b1">
         <name>.debug_info</name>
         <load_address>0xdae8</load_address>
         <run_address>0xdae8</run_address>
         <size>0x1c3</size>
         <input_file_ref idref="fl-14c"/>
      </object_component>
      <object_component id="oc-96">
         <name>.debug_info</name>
         <load_address>0xdcab</load_address>
         <run_address>0xdcab</run_address>
         <size>0x17f</size>
         <input_file_ref idref="fl-14c"/>
      </object_component>
      <object_component id="oc-fa">
         <name>.debug_info</name>
         <load_address>0xde2a</load_address>
         <run_address>0xde2a</run_address>
         <size>0x2c</size>
         <input_file_ref idref="fl-14c"/>
      </object_component>
      <object_component id="oc-344">
         <name>.debug_info</name>
         <load_address>0xde56</load_address>
         <run_address>0xde56</run_address>
         <size>0xd1</size>
         <input_file_ref idref="fl-14d"/>
      </object_component>
      <object_component id="oc-312">
         <name>.debug_info</name>
         <load_address>0xdf27</load_address>
         <run_address>0xdf27</run_address>
         <size>0xdd</size>
         <input_file_ref idref="fl-14d"/>
      </object_component>
      <object_component id="oc-2a0">
         <name>.debug_info</name>
         <load_address>0xe004</load_address>
         <run_address>0xe004</run_address>
         <size>0x12d</size>
         <input_file_ref idref="fl-14e"/>
      </object_component>
      <object_component id="oc-27c">
         <name>.debug_info</name>
         <load_address>0xe131</load_address>
         <run_address>0xe131</run_address>
         <size>0x109</size>
         <input_file_ref idref="fl-14f"/>
      </object_component>
      <object_component id="oc-289">
         <name>.debug_info</name>
         <load_address>0xe23a</load_address>
         <run_address>0xe23a</run_address>
         <size>0x10b</size>
         <input_file_ref idref="fl-14f"/>
      </object_component>
      <object_component id="oc-285">
         <name>.debug_info</name>
         <load_address>0xe345</load_address>
         <run_address>0xe345</run_address>
         <size>0x11b</size>
         <input_file_ref idref="fl-150"/>
      </object_component>
      <object_component id="oc-27f">
         <name>.debug_info</name>
         <load_address>0xe460</load_address>
         <run_address>0xe460</run_address>
         <size>0x11b</size>
         <input_file_ref idref="fl-151"/>
      </object_component>
      <object_component id="oc-290">
         <name>.debug_info</name>
         <load_address>0xe57b</load_address>
         <run_address>0xe57b</run_address>
         <size>0x10f</size>
         <input_file_ref idref="fl-152"/>
      </object_component>
      <object_component id="oc-2fc">
         <name>.debug_info</name>
         <load_address>0xe68a</load_address>
         <run_address>0xe68a</run_address>
         <size>0x16f</size>
         <input_file_ref idref="fl-153"/>
      </object_component>
      <object_component id="oc-2a3">
         <name>.debug_info</name>
         <load_address>0xe7f9</load_address>
         <run_address>0xe7f9</run_address>
         <size>0x16f</size>
         <input_file_ref idref="fl-153"/>
      </object_component>
      <object_component id="oc-299">
         <name>.debug_info</name>
         <load_address>0xe968</load_address>
         <run_address>0xe968</run_address>
         <size>0x10d</size>
         <input_file_ref idref="fl-154"/>
      </object_component>
      <object_component id="oc-30a">
         <name>.debug_info</name>
         <load_address>0xea75</load_address>
         <run_address>0xea75</run_address>
         <size>0x171</size>
         <input_file_ref idref="fl-155"/>
      </object_component>
      <object_component id="oc-2ac">
         <name>.debug_info</name>
         <load_address>0xebe6</load_address>
         <run_address>0xebe6</run_address>
         <size>0x166</size>
         <input_file_ref idref="fl-155"/>
      </object_component>
      <object_component id="oc-2f2">
         <name>.debug_info</name>
         <load_address>0xed4c</load_address>
         <run_address>0xed4c</run_address>
         <size>0x12f</size>
         <input_file_ref idref="fl-156"/>
      </object_component>
      <object_component id="oc-295">
         <name>.debug_info</name>
         <load_address>0xee7b</load_address>
         <run_address>0xee7b</run_address>
         <size>0x1a5</size>
         <input_file_ref idref="fl-156"/>
      </object_component>
      <object_component id="oc-310">
         <name>.debug_info</name>
         <load_address>0xf020</load_address>
         <run_address>0xf020</run_address>
         <size>0xd4</size>
         <input_file_ref idref="fl-157"/>
      </object_component>
      <object_component id="oc-2bd">
         <name>.debug_info</name>
         <load_address>0xf0f4</load_address>
         <run_address>0xf0f4</run_address>
         <size>0x18e</size>
         <input_file_ref idref="fl-157"/>
      </object_component>
      <object_component id="oc-30c">
         <name>.debug_info</name>
         <load_address>0xf282</load_address>
         <run_address>0xf282</run_address>
         <size>0xd8</size>
         <input_file_ref idref="fl-158"/>
      </object_component>
      <object_component id="oc-2b2">
         <name>.debug_info</name>
         <load_address>0xf35a</load_address>
         <run_address>0xf35a</run_address>
         <size>0x1f7</size>
         <input_file_ref idref="fl-158"/>
      </object_component>
      <object_component id="oc-2eb">
         <name>.debug_info</name>
         <load_address>0xf551</load_address>
         <run_address>0xf551</run_address>
         <size>0xcd</size>
         <input_file_ref idref="fl-159"/>
      </object_component>
      <object_component id="oc-276">
         <name>.debug_info</name>
         <load_address>0xf61e</load_address>
         <run_address>0xf61e</run_address>
         <size>0x1dd</size>
         <input_file_ref idref="fl-159"/>
      </object_component>
      <object_component id="oc-26f">
         <name>.debug_info</name>
         <load_address>0xf7fb</load_address>
         <run_address>0xf7fb</run_address>
         <size>0x168</size>
         <input_file_ref idref="fl-15a"/>
      </object_component>
      <object_component id="oc-30e">
         <name>.debug_info</name>
         <load_address>0xf963</load_address>
         <run_address>0xf963</run_address>
         <size>0x122</size>
         <input_file_ref idref="fl-15b"/>
      </object_component>
      <object_component id="oc-2b8">
         <name>.debug_info</name>
         <load_address>0xfa85</load_address>
         <run_address>0xfa85</run_address>
         <size>0x157</size>
         <input_file_ref idref="fl-15b"/>
      </object_component>
      <object_component id="oc-32f">
         <name>.debug_info</name>
         <load_address>0xfbdc</load_address>
         <run_address>0xfbdc</run_address>
         <size>0x182</size>
         <input_file_ref idref="fl-15c"/>
      </object_component>
      <object_component id="oc-2ff">
         <name>.debug_info</name>
         <load_address>0xfd5e</load_address>
         <run_address>0xfd5e</run_address>
         <size>0x194</size>
         <input_file_ref idref="fl-15c"/>
      </object_component>
      <object_component id="oc-34d">
         <name>.debug_info</name>
         <load_address>0xfef2</load_address>
         <run_address>0xfef2</run_address>
         <size>0x86</size>
         <input_file_ref idref="fl-15c"/>
      </object_component>
      <object_component id="oc-328">
         <name>.debug_info</name>
         <load_address>0xff78</load_address>
         <run_address>0xff78</run_address>
         <size>0x16c</size>
         <input_file_ref idref="fl-15d"/>
      </object_component>
      <object_component id="oc-2f8">
         <name>.debug_info</name>
         <load_address>0x100e4</load_address>
         <run_address>0x100e4</run_address>
         <size>0x175</size>
         <input_file_ref idref="fl-15d"/>
      </object_component>
      <object_component id="oc-304">
         <name>.debug_info</name>
         <load_address>0x10259</load_address>
         <run_address>0x10259</run_address>
         <size>0x155</size>
         <input_file_ref idref="fl-15e"/>
      </object_component>
      <object_component id="oc-32c">
         <name>.debug_info</name>
         <load_address>0x103ae</load_address>
         <run_address>0x103ae</run_address>
         <size>0x1b7</size>
         <input_file_ref idref="fl-15f"/>
      </object_component>
      <object_component id="oc-337">
         <name>.debug_info</name>
         <load_address>0x10565</load_address>
         <run_address>0x10565</run_address>
         <size>0xd8</size>
         <input_file_ref idref="fl-160"/>
      </object_component>
      <object_component id="oc-373">
         <name>.debug_info</name>
         <load_address>0x1063d</load_address>
         <run_address>0x1063d</run_address>
         <size>0x1af</size>
         <input_file_ref idref="fl-161"/>
      </object_component>
      <object_component id="oc-35b">
         <name>.debug_info</name>
         <load_address>0x107ec</load_address>
         <run_address>0x107ec</run_address>
         <size>0x110</size>
         <input_file_ref idref="fl-161"/>
      </object_component>
      <object_component id="oc-331">
         <name>.debug_info</name>
         <load_address>0x108fc</load_address>
         <run_address>0x108fc</run_address>
         <size>0x171</size>
         <input_file_ref idref="fl-161"/>
      </object_component>
      <object_component id="oc-36e">
         <name>.debug_info</name>
         <load_address>0x10a6d</load_address>
         <run_address>0x10a6d</run_address>
         <size>0x6f</size>
         <input_file_ref idref="fl-161"/>
      </object_component>
      <object_component id="oc-36b">
         <name>.debug_info</name>
         <load_address>0x10adc</load_address>
         <run_address>0x10adc</run_address>
         <size>0xff</size>
         <input_file_ref idref="fl-162"/>
      </object_component>
      <object_component id="oc-355">
         <name>.debug_info</name>
         <load_address>0x10bdb</load_address>
         <run_address>0x10bdb</run_address>
         <size>0x156</size>
         <input_file_ref idref="fl-162"/>
      </object_component>
      <object_component id="oc-37c">
         <name>.debug_info</name>
         <load_address>0x10d31</load_address>
         <run_address>0x10d31</run_address>
         <size>0x2c</size>
         <input_file_ref idref="fl-162"/>
      </object_component>
      <object_component id="oc-379">
         <name>.debug_info</name>
         <load_address>0x10d5d</load_address>
         <run_address>0x10d5d</run_address>
         <size>0x11f</size>
         <input_file_ref idref="fl-163"/>
      </object_component>
      <object_component id="oc-376">
         <name>.debug_info</name>
         <load_address>0x10e7c</load_address>
         <run_address>0x10e7c</run_address>
         <size>0xdd</size>
         <input_file_ref idref="fl-163"/>
      </object_component>
[...]
         <value>0x118d</value>
         <object_component_ref idref="oc-be"/>
      </symbol>
      <symbol id="sm-2b1">
         <name>pxCurrentTCB</name>
         <value>0x20003560</value>
         <object_component_ref idref="oc-110"/>
      </symbol>
      <symbol id="sm-2b2">
         <name>xTaskGetTickCountFromISR</name>
         <value>0x14bd</value>
         <object_component_ref idref="oc-be"/>
      </symbol>
      <symbol id="sm-2b3">
         <name>vTaskSetTimeOutState</name>
         <value>0x180f</value>
         <object_component_ref idref="oc-be"/>
      </symbol>
      <symbol id="sm-2b4">
         <name>xTaskIncrementTick</name>
         <value>0x14e1</value>
         <object_component_ref idref="oc-be"/>
      </symbol>
      <symbol id="sm-2b5">
         <name>xTickCount</name>
         <value>0x20003568</value>
         <object_component_ref idref="oc-110"/>
      </symbol>
      <symbol id="sm-2b6">
         <name>vTaskSwitchContext</name>
         <value>0x1601</value>
         <object_component_ref idref="oc-be"/>
      </symbol>
      <symbol id="sm-2b7">
         <name>uxTaskResetEventItemValue</name>
         <value>0x1a47</value>
         <object_component_ref idref="oc-be"/>
      </symbol>
      <symbol id="sm-2b8">
         <name>xNextTaskUnblockTime</name>
         <value>0x20003584</value>
         <object_component_ref idref="oc-110"/>
      </symbol>
      <symbol id="sm-2b9">
         <name>vTaskPlaceOnUnorderedEventList</name>
         <value>0x16c5</value>
         <object_component_ref idref="oc-be"/>
      </symbol>
      <symbol id="sm-2ba">
         <name>xTaskRemoveFromEventList</name>
         <value>0x170b</value>
         <object_component_ref idref="oc-be"/>
      </symbol>
      <symbol id="sm-2e1">
         <name>vPortSetupTimerInterrupt</name>
         <value>0x2f9f</value>
         <object_component_ref idref="oc-ff"/>
      </symbol>
      <symbol id="sm-2e2">
         <name>vPortEndScheduler</name>
         <value>0x2f49</value>
         <object_component_ref idref="oc-ff"/>
      </symbol>
      <symbol id="sm-2e3">
         <name>xPortSysTickCount</name>
         <value>0x2000359c</value>
         <object_component_ref idref="oc-163"/>
      </symbol>
      <symbol id="sm-2e4">
         <name>xPortSysTickHandler</name>
         <value>0x2f7d</value>
         <object_component_ref idref="oc-ff"/>
      </symbol>
      <symbol id="sm-2e5">
         <name>vPortYieldFromISR</name>
         <value>0x2f4b</value>
         <object_component_ref idref="oc-ff"/>
      </symbol>
      <symbol id="sm-2e6">
         <name>pxPortInitialiseStack</name>
         <value>0x2ed9</value>
         <object_component_ref idref="oc-ff"/>
      </symbol>
      <symbol id="sm-2e7">
         <name>vPortExitCritical</name>
         <value>0x2f65</value>
         <object_component_ref idref="oc-ff"/>
      </symbol>
      <symbol id="sm-2e8">
         <name>xPortStartScheduler</name>
         <value>0x2f21</value>
         <object_component_ref idref="oc-ff"/>
      </symbol>
      <symbol id="sm-2e9">
         <name>vPortEnterCritical</name>
         <value>0x2f55</value>
         <object_component_ref idref="oc-ff"/>
      </symbol>
      <symbol id="sm-2f7">
         <name>vPortStartFirstTask</name>
         <value>0x359f</value>
         <object_component_ref idref="oc-10b"/>
      </symbol>
      <symbol id="sm-2f8">
         <name>xPortPendSVHandler</name>
         <value>0x3531</value>
         <object_component_ref idref="oc-10b"/>
      </symbol>
      <symbol id="sm-2f9">
         <name>vPortClearInterruptMask</name>
         <value>0x357b</value>
         <object_component_ref idref="oc-10b"/>
      </symbol>
      <symbol id="sm-2fa">
         <name>ulPortSetInterruptMask</name>
         <value>0x356d</value>
         <object_component_ref idref="oc-10b"/>
      </symbol>
      <symbol id="sm-2fb">
         <name>vPortSVCHandler</name>
         <value>0x3581</value>
         <object_component_ref idref="oc-10b"/>
      </symbol>
      <symbol id="sm-340">
         <name>vPortInitialiseBlocks</name>
         <value>0x24d9</value>
         <object_component_ref idref="oc-11b"/>
      </symbol>
      <symbol id="sm-341">
         <name>xPortGetFreeHeapSize</name>
         <value>0x24d3</value>
         <object_component_ref idref="oc-11b"/>
      </symbol>
      <symbol id="sm-342">
         <name>pvPortMalloc</name>
         <value>0x2349</value>
         <object_component_ref idref="oc-11b"/>
      </symbol>
      <symbol id="sm-343">
         <name>vPortFree</name>
         <value>0x2471</value>
         <object_component_ref idref="oc-11b"/>
      </symbol>
      <symbol id="sm-353">
         <name>_c_int00</name>
         <value>0x3b05</value>
         <object_component_ref idref="oc-24"/>
      </symbol>
      <symbol id="sm-354">
         <name>__stack</name>
         <value>0x2000242c</value>
         <object_component_ref idref="oc-29"/>
      </symbol>
      <symbol id="sm-36b">
         <name>__TI_decompress_none</name>
         <value>0x3de9</value>
         <object_component_ref idref="oc-12"/>
      </symbol>
      <symbol id="sm-393">
         <name>__TI_decompress_rle24</name>
         <value>0x3e47</value>
         <object_component_ref idref="oc-18"/>
      </symbol>
      <symbol id="sm-3a5">
         <name>__TI_zero_init</name>
         <value>0x3df7</value>
         <object_component_ref idref="oc-1e"/>
      </symbol>
      <symbol id="sm-3c4">
         <name>C$$EXIT</name>
         <value>0x3a81</value>
         <object_component_ref idref="oc-6d"/>
      </symbol>
      <symbol id="sm-3c5">
         <name>abort</name>
         <value>0x3a85</value>
         <object_component_ref idref="oc-6d"/>
      </symbol>
      <symbol id="sm-3c6">
         <name>exit</name>
         <value>0x3a8d</value>
         <object_component_ref idref="oc-6d"/>
      </symbol>
      <symbol id="sm-3c7">
         <name>__TI_dtors_ptr</name>
         <value>0x200035b4</value>
         <object_component_ref idref="oc-a8"/>
      </symbol>
      <symbol id="sm-3c8">
         <name>__TI_cleanup_ptr</name>
         <value>0x200035b0</value>
         <object_component_ref idref="oc-a8"/>
      </symbol>
      <symbol id="sm-3e3">
         <name>memcpy</name>
         <value>0x32ff</value>
         <object_component_ref idref="oc-36"/>
      </symbol>
      <symbol id="sm-3e4">
         <name>__aeabi_memcpy</name>
         <value>0x32ff</value>
         <object_component_ref idref="oc-36"/>
      </symbol>
      <symbol id="sm-3e5">
         <name>__aeabi_memcpy8</name>
         <value>0x32ff</value>
         <object_component_ref idref="oc-36"/>
      </symbol>
      <symbol id="sm-3e6">
         <name>__aeabi_memcpy4</name>
         <value>0x32ff</value>
         <object_component_ref idref="oc-36"/>
      </symbol>
      <symbol id="sm-3f5">
         <name>__aeabi_memset</name>
         <value>0x35b3</value>
         <object_component_ref idref="oc-4f"/>
      </symbol>
      <symbol id="sm-3f6">
         <name>memset</name>
         <value>0x35b9</value>
         <object_component_ref idref="oc-4f"/>
      </symbol>
      <symbol id="sm-3f7">
         <name>__aeabi_memset8</name>
         <value>0x35b3</value>
         <object_component_ref idref="oc-4f"/>
      </symbol>
      <symbol id="sm-3f8">
         <name>__aeabi_memset4</name>
         <value>0x35b3</value>
         <object_component_ref idref="oc-4f"/>
      </symbol>
      <symbol id="sm-3f9">
         <name>__aeabi_memclr8</name>
         <value>0x35b1</value>
         <object_component_ref idref="oc-4f"/>
      </symbol>
      <symbol id="sm-3fa">
         <name>__aeabi_memclr4</name>
         <value>0x35b1</value>
         <object_component_ref idref="oc-4f"/>
      </symbol>
      <symbol id="sm-3fb">
         <name>__aeabi_memclr</name>
         <value>0x35b1</value>
         <object_component_ref idref="oc-4f"/>
      </symbol>
      <symbol id="sm-405">
         <name>_system_pre_init</name>
         <value>0x3e4d</value>
         <object_component_ref idref="oc-5b"/>
      </symbol>
      <symbol id="sm-41e">
         <name>sprintf</name>
         <value>0x3769</value>
         <object_component_ref idref="oc-15d"/>
      </symbol>
      <symbol id="sm-426">
         <name>main_func_sp</name>
         <value>0x200035c4</value>
         <object_component_ref idref="oc-73"/>
      </symbol>
      <symbol id="sm-43f">
         <name>_nop</name>
         <value>0x3d87</value>
         <object_component_ref idref="oc-ea"/>
      </symbol>
      <symbol id="sm-440">
         <name>_lock</name>
         <value>0x200035a8</value>
         <object_component_ref idref="oc-a5"/>
      </symbol>
      <symbol id="sm-441">
         <name>_unlock</name>
         <value>0x200035ac</value>
         <object_component_ref idref="oc-a5"/>
      </symbol>
      <symbol id="sm-442">
         <name>_register_lock</name>
         <value>0x3d7f</value>
         <object_component_ref idref="oc-ea"/>
      </symbol>
      <symbol id="sm-443">
         <name>_register_unlock</name>
         <value>0x3d79</value>
         <object_component_ref idref="oc-ea"/>
      </symbol>
      <symbol id="sm-548">
         <name>__TI_printfi</name>
         <value>0xe85</value>
         <object_component_ref idref="oc-20c"/>
      </symbol>
      <symbol id="sm-55d">
         <name>_args_main</name>
         <value>0x3d21</value>
         <object_component_ref idref="oc-67"/>
      </symbol>
      <symbol id="sm-573">
         <name>atoi</name>
         <value>0x38d1</value>
         <object_component_ref idref="oc-2c0"/>
      </symbol>
      <symbol id="sm-599">
         <name>__TI_auto_init</name>
         <value>0x362d</value>
         <object_component_ref idref="oc-61"/>
      </symbol>
      <symbol id="sm-5b3">
         <name>copy_in</name>
         <value>0x391d</value>
         <object_component_ref idref="oc-95"/>
      </symbol>
      <symbol id="sm-5be">
         <name>_ctypes_</name>
         <value>0x4030</value>
         <object_component_ref idref="oc-311"/>
      </symbol>
      <symbol id="sm-5e2">
         <name>__aeabi_dsub</name>
         <value>0x2191</value>
         <object_component_ref idref="oc-29d"/>
      </symbol>
      <symbol id="sm-5e3">
         <name>__aeabi_dadd</name>
         <value>0x219b</value>
         <object_component_ref idref="oc-29d"/>
      </symbol>
      <symbol id="sm-60a">
         <name>__aeabi_cdcmpeq</name>
         <value>0x3425</value>
         <object_component_ref idref="oc-279"/>
      </symbol>
      <symbol id="sm-60b">
         <name>__aeabi_cdcmple</name>
         <value>0x3425</value>
         <object_component_ref idref="oc-279"/>
      </symbol>
      <symbol id="sm-60c">
         <name>__aeabi_cdrcmple</name>
         <value>0x34ab</value>
         <object_component_ref idref="oc-288"/>
      </symbol>
      <symbol id="sm-62c">
         <name>__aeabi_ddiv</name>
         <value>0x296d</value>
         <object_component_ref idref="oc-283"/>
      </symbol>
      <symbol id="sm-643">
         <name>__aeabi_dmul</name>
         <value>0x2ddd</value>
         <object_component_ref idref="oc-27e"/>
      </symbol>
      <symbol id="sm-651">
         <name>__aeabi_d2iz</name>
         <value>0x3969</value>
         <object_component_ref idref="oc-28d"/>
      </symbol>
      <symbol id="sm-65e">
         <name>frexp</name>
         <value>0x3cc5</value>
         <object_component_ref idref="oc-2a2"/>
      </symbol>
      <symbol id="sm-66a">
         <name>__aeabi_i2d</name>
         <value>0x3c3f</value>
         <object_component_ref idref="oc-298"/>
      </symbol>
      <symbol id="sm-67b">
         <name>ldexp</name>
         <value>0x39b1</value>
         <object_component_ref idref="oc-2a8"/>
      </symbol>
      <symbol id="sm-68a">
         <name>ltoa</name>
         <value>0x3879</value>
         <object_component_ref idref="oc-292"/>
      </symbol>
      <symbol id="sm-69a">
         <name>memccpy</name>
         <value>0x3d05</value>
         <object_component_ref idref="oc-2ba"/>
      </symbol>
      <symbol id="sm-6aa">
         <name>strchr</name>
         <value>0x3d39</value>
         <object_component_ref idref="oc-2ae"/>
      </symbol>
      <symbol id="sm-6b8">
         <name>strlen</name>
         <value>0x3d8d</value>
         <object_component_ref idref="oc-273"/>
      </symbol>
      <symbol id="sm-6e2">
         <name>__aeabi_uldivmod</name>
         <value>0x1f9d</value>
         <object_component_ref idref="oc-26e"/>
      </symbol>
      <symbol id="sm-6f0">
         <name>_Dclass</name>
         <value>0x3c9b</value>
         <object_component_ref idref="oc-2b4"/>
      </symbol>
      <symbol id="sm-711">
         <name>_Dscale</name>
         <value>0x2bcd</value>
         <object_component_ref idref="oc-2fd"/>
      </symbol>
      <symbol id="sm-725">
         <name>_Dunscale</name>
         <value>0x3703</value>
         <object_component_ref idref="oc-2f5"/>
      </symbol>
      <symbol id="sm-734">
         <name>_Feraise</name>
         <value>0x3be1</value>
         <object_component_ref idref="oc-303"/>
      </symbol>
      <symbol id="sm-744">
         <name>_Rteps</name>
         <value>0x20003540</value>
         <object_component_ref idref="oc-32b"/>
      </symbol>
      <symbol id="sm-745">
         <name>_Zero</name>
         <value>0x20003558</value>
         <object_component_ref idref="oc-32b"/>
      </symbol>
      <symbol id="sm-746">
         <name>_Hugeval</name>
         <value>0x20003500</value>
         <object_component_ref idref="oc-32b"/>
      </symbol>
      <symbol id="sm-747">
         <name>_Snan</name>
         <value>0x20003530</value>
         <object_component_ref idref="oc-32b"/>
      </symbol>
      <symbol id="sm-748">
         <name>_Nan</name>
         <value>0x20003520</value>
         <object_component_ref idref="oc-32b"/>
      </symbol>
      <symbol id="sm-749">
         <name>_Inf</name>
         <value>0x20003510</value>
         <object_component_ref idref="oc-32b"/>
      </symbol>
      <symbol id="sm-74a">
         <name>_Xbig</name>
         <value>0x20003550</value>
         <object_component_ref idref="oc-32b"/>
      </symbol>
      <symbol id="sm-74b">
         <name>_Eps</name>
         <value>0x200034f0</value>
         <object_component_ref idref="oc-32b"/>
      </symbol>
      <symbol id="sm-74c">
         <name>_Denorm</name>
         <value>0x200034e0</value>
         <object_component_ref idref="oc-32b"/>
      </symbol>
      <symbol id="sm-754">
         <name>_Errno</name>
         <value>0x200035c0</value>
         <object_component_ref idref="oc-336"/>
      </symbol>
      <symbol id="sm-772">
         <name>feraiseexcept</name>
         <value>0x3bad</value>
         <object_component_ref idref="oc-330"/>
      </symbol>
      <symbol id="sm-773">
         <name>_Tls_setup__Fenv</name>
         <value>0x200035bc</value>
         <object_component_ref idref="oc-35a"/>
      </symbol>
      <symbol id="sm-774">
         <name>_Fenv</name>
         <value>0x200035b8</value>
         <object_component_ref idref="oc-35a"/>
      </symbol>
      <symbol id="sm-788">
         <name>raise</name>
         <value>0x3c6d</value>
         <object_component_ref idref="oc-354"/>
      </symbol>
      <symbol id="sm-7a2">
         <name>signal</name>
         <value>0x3ac5</value>
         <object_component_ref idref="oc-364"/>
      </symbol>
      <symbol id="sm-7b7">
         <name>_Dnorm</name>
         <value>0x3241</value>
         <object_component_ref idref="oc-321"/>
      </symbol>
      <symbol id="sm-7dc">
         <name>SysTickEnable</name>
         <value>0x3d51</value>
         <object_component_ref idref="oc-13e"/>
      </symbol>
      <symbol id="sm-7dd">
         <name>SysTickIntRegister</name>
         <value>0x3ce9</value>
         <object_component_ref idref="oc-136"/>
      </symbol>
      <symbol id="sm-7de">
         <name>SysTickIntEnable</name>
         <value>0x3d65</value>
         <object_component_ref idref="oc-13a"/>
      </symbol>
      <symbol id="sm-871">
         <name>SysCtlClockSet</name>
         <value>0x2829</value>
         <object_component_ref idref="oc-12e"/>
      </symbol>
      <symbol id="sm-872">
         <name>SysCtlDelay</name>
         <value>0x3e41</value>
         <object_component_ref idref="oc-1c3"/>
      </symbol>
      <symbol id="sm-873">
         <name>SysCtlPeripheralEnable</name>
         <value>0x3821</value>
         <object_component_ref idref="oc-149"/>
      </symbol>
      <symbol id="sm-874">
         <name>SysCtlClockGet</name>
         <value>0x24fd</value>
         <object_component_ref idref="oc-1e1"/>
      </symbol>
      <symbol id="sm-875">
         <name>SysCtlPeripheralDisable</name>
         <value>0x37c9</value>
         <object_component_ref idref="oc-159"/>
      </symbol>
      <symbol id="sm-876">
         <name>SysCtlPeripheralReset</name>
         <value>0x339d</value>
         <object_component_ref idref="oc-155"/>
      </symbol>
      <symbol id="sm-8aa">
         <name>SSIDataPut</name>
         <value>0x3e0f</value>
         <object_component_ref idref="oc-1d6"/>
      </symbol>
      <symbol id="sm-8ab">
         <name>SSIDataGetNonBlocking</name>
         <value>0x3dd7</value>
         <object_component_ref idref="oc-1f1"/>
      </symbol>
      <symbol id="sm-8ac">
         <name>SSIConfigSetExpClk</name>
         <value>0x39f7</value>
         <object_component_ref idref="oc-1e5"/>
      </symbol>
      <symbol id="sm-8ad">
         <name>SSIEnable</name>
         <value>0x3e23</value>
         <object_component_ref idref="oc-1ed"/>
      </symbol>
      <symbol id="sm-8ae">
         <name>SSIBusy</name>
         <value>0x3e2d</value>
         <object_component_ref idref="oc-1d2"/>
      </symbol>
      <symbol id="sm-8af">
         <name>SSIDisable</name>
         <value>0x3e19</value>
         <object_component_ref idref="oc-1dd"/>
      </symbol>
      <symbol id="sm-8c5">
         <name>IntRegister</name>
         <value>0x3b79</value>
         <object_component_ref idref="oc-132"/>
      </symbol>
      <symbol id="sm-8c6">
         <name>g_pfnRAMVectors</name>
         <value>0x20000000</value>
         <object_component_ref idref="oc-1ca"/>
      </symbol>
      <symbol id="sm-90b">
         <name>GPIOPinTypeGPIOInput</name>
         <value>0x3da1</value>
         <object_component_ref idref="oc-14d"/>
      </symbol>
      <symbol id="sm-90c">
         <name>GPIOPinTypeGPIOOutput</name>
         <value>0x3db3</value>
         <object_component_ref idref="oc-168"/>
      </symbol>
      <symbol id="sm-90d">
         <name>GPIOPinRead</name>
         <value>0x3e35</value>
         <object_component_ref idref="oc-151"/>
      </symbol>
      <symbol id="sm-90e">
         <name>GPIODirModeSet</name>
         <value>0x3c11</value>
         <object_component_ref idref="oc-203"/>
      </symbol>
      <symbol id="sm-90f">
         <name>GPIOPinWrite</name>
         <value>0x3e3b</value>
         <object_component_ref idref="oc-16c"/>
      </symbol>
      <symbol id="sm-910">
         <name>GPIOPadConfigSet</name>
         <value>0x30b5</value>
         <object_component_ref idref="oc-17d"/>
      </symbol>
      <symbol id="sm-911">
         <name>GPIOPinTypeSSI</name>
         <value>0x3dc5</value>
         <object_component_ref idref="oc-1e9"/>
      </symbol>
      <symbol id="sm-913">
         <name>__TI_static_base__</name>
         <value>0x0</value>
      </symbol>
      <symbol id="sm-916">
         <name>SHT$$INIT_ARRAY$$Limit</name>
         <value>0x0</value>
      </symbol>
      <symbol id="sm-917">
         <name>SHT$$INIT_ARRAY$$Base</name>
         <value>0x0</value>
      </symbol>
   </symbol_table>
   <title>Link successful</title>
</link_info>
