******************************************************************************
                  TI ARM Linker PC v5.2.2                      
******************************************************************************
>> Linked Tue Feb 23 10:16:51 2016

OUTPUT FILE NAME:   <EECS_388_FreeRTOS.out>
ENTRY POINT SYMBOL: "_c_int00"  address: 000038a5


MEMORY CONFIGURATION

         name            origin    length      used     unused   attr    fill
----------------------  --------  ---------  --------  --------  ----  --------
  FLASH                 00000000   00040000  00004064  0003bf9c  R  X
  SRAM                  20000000   00010000  000035a8  0000ca58  RW X


SEGMENT ALLOCATION MAP

run origin  load origin   length   init length attrs members
----------  ----------- ---------- ----------- ----- -------
00000000    00000000    00004068   00004068    r-x
  00000000    00000000    000000f0   000000f0    r-- .intvecs
  000000f0    000000f0    00003b00   00003b00    r-x .text
  00003bf0    00003bf0    000003ec   000003ec    r-- .const
  00003fe0    00003fe0    00000088   00000088    r-- .cinit
20000000    20000000    000035ac   00000000    rw-
  20000000    20000000    0000026c   00000000    rw- .vtable
  20000270    20000270    000021b0   00000000    rw- .bss
  20002420    20002420    00001000   00000000    rw- .stack
  20003420    20003420    0000018c   00000000    rw- .data


SECTION ALLOCATION MAP

 output                                  attributes/
section   page    origin      length       input sections
--------  ----  ----------  ----------   ----------------
.intvecs   0    00000000    000000f0     
                  00000000    000000f0     lm3s1968_startup_ccs.obj (.intvecs)

.text      0    000000f0    00003b00     
                  000000f0    0000109a     rtsv7M3_T_le_eabi.lib : _printfi.obj (.text)
                  0000118a    00000002     --HOLE-- [fill = 0]
                  0000118c    00000900     tasks.obj (.text)
                  00001a8c    00000510     rit128x96x4.obj (.text)
                  00001f9c    000001f4     rtsv7M3_T_le_eabi.lib : ull_div_t2.obj (.text)
                  00002190    000001b6                           : fd_add_t2.obj (.text)
                  00002346    00000002     --HOLE-- [fill = 0]
                  00002348    000001b4     heap_2.obj (.text)
                  000024fc    00000198     driverlib-cm3.lib : sysctl.obj (.text:SysCtlClockGet)
                  00002694    00000178     oled.obj (.text)
                  0000280c    00000144     driverlib-cm3.lib : sysctl.obj (.text:SysCtlClockSet)
                  00002950    00000136     rtsv7M3_T_le_eabi.lib : fd_div_t2.obj (.text)
                  00002a86    0000012a     list.obj (.text)
                  00002bb0    00000110     rtsv7M3_T_le_eabi.lib : xdscale.obj (.text)
                  00002cc0    000000fc                           : fd_mul_t2.obj (.text)
                  00002dbc    000000f0     port.obj (.text)
                  00002eac    000000c8     driverlib-cm3.lib : gpio.obj (.text:GPIOPadConfigSet)
                  00002f74    000000be     rtsv7M3_T_le_eabi.lib : xdnorm.obj (.text)
                  00003032    0000009c                           : memcpy_t2.obj (.text)
                  000030ce    00000002     --HOLE-- [fill = 0]
                  000030d0    00000088     driverlib-cm3.lib : sysctl.obj (.text:SysCtlPeripheralReset)
                  00003158    00000086     rtsv7M3_T_le_eabi.lib : fd_cmp_t2.obj (.text:__aeabi_cdcmple)
                  000031de    00000086                           : fd_cmp_t2.obj (.text:__aeabi_cdrcmple)
                  00003264    00000080     portasm.obj (.text)
                  000032e4    0000007a     rtsv7M3_T_le_eabi.lib : memset_t2.obj (.text)
                  0000335e    00000002     --HOLE-- [fill = 0]
                  00003360    0000006c     main.obj (.text)
                  000033cc    0000006c     rtsv7M3_T_le_eabi.lib : autoinit.obj (.text)
                  00003438    0000006a                           : copy_decompress_rle.obj (.text)
                  000034a2    00000066                           : xdunscal.obj (.text)
                  00003508    00000060                           : sprintf.obj (.text)
                  00003568    00000058     driverlib-cm3.lib : sysctl.obj (.text:SysCtlPeripheralDisable)
                  000035c0    00000058                       : sysctl.obj (.text:SysCtlPeripheralEnable)
                  00003618    00000056     rtsv7M3_T_le_eabi.lib : ltoa.obj (.text)
                  0000366e    00000002     --HOLE-- [fill = 0]
                  00003670    0000004c                           : atoi.obj (.text)
                  000036bc    0000004c                           : cpy_tbl.obj (.text)
                  00003708    00000048                           : fd_toi_t2.obj (.text)
                  00003750    00000046                           : ldexp.obj (.text)
                  00003796    00000044     driverlib-cm3.lib : ssi.obj (.text:SSIConfigSetExpClk)
                  000037da    00000002     --HOLE-- [fill = 0]
                  000037dc    00000044     led.obj (.text)
                  00003820    00000044     rtsv7M3_T_le_eabi.lib : exit.obj (.text)
                  00003864    00000040                           : signal.obj (.text)
                  000038a4    0000003c                           : boot.obj (.text)
                  000038e0    00000038     system.obj (.text)
                  00003918    00000034     driverlib-cm3.lib : interrupt.obj (.text:IntRegister)
                  0000394c    00000034     rtsv7M3_T_le_eabi.lib : feraiseexcept.obj (.text)
                  00003980    00000030                           : xferaise.obj (.text)
                  000039b0    0000002e     driverlib-cm3.lib : gpio.obj (.text:GPIODirModeSet)
                  000039de    0000002e     rtsv7M3_T_le_eabi.lib : i_tofd_t2.obj (.text)
                  00003a0c    0000002e                           : raise.obj (.text)
                  00003a3a    0000002a                           : xdclass.obj (.text)
                  00003a64    00000022                           : frexp.obj (.text)
                  00003a86    00000002     --HOLE-- [fill = 0]
                  00003a88    0000001c     driverlib-cm3.lib : systick.obj (.text:SysTickIntRegister)
                  00003aa4    0000001a     rtsv7M3_T_le_eabi.lib : memccpy.obj (.text)
                  00003abe    00000002     --HOLE-- [fill = 0]
                  00003ac0    00000018                           : args_main.obj (.text)
                  00003ad8    00000016                           : strchr.obj (.text)
                  00003aee    00000002     --HOLE-- [fill = 0]
                  00003af0    00000014     driverlib-cm3.lib : systick.obj (.text:SysTickEnable)
                  00003b04    00000014                       : systick.obj (.text:SysTickIntEnable)
                  00003b18    00000014     rtsv7M3_T_le_eabi.lib : _lock.obj (.text)
                  00003b2c    00000014                           : strlen.obj (.text)
                  00003b40    00000012     driverlib-cm3.lib : gpio.obj (.text:GPIOPinTypeGPIOInput)
                  00003b52    00000012                       : gpio.obj (.text:GPIOPinTypeGPIOOutput)
                  00003b64    00000012                       : gpio.obj (.text:GPIOPinTypeSSI)
                  00003b76    00000012                       : ssi.obj (.text:SSIDataGetNonBlocking)
                  00003b88    0000000e     rtsv7M3_T_le_eabi.lib : copy_decompress_none.obj (.text:decompress:none)
                  00003b96    0000000c                           : copy_zero_init.obj (.text:decompress:ZI)
                  00003ba2    0000000c     lm3s1968_startup_ccs.obj (.text)
                  00003bae    0000000a     driverlib-cm3.lib : ssi.obj (.text:SSIDataPut)
                  00003bb8    0000000a                       : ssi.obj (.text:SSIDisable)
                  00003bc2    0000000a                       : ssi.obj (.text:SSIEnable)
                  00003bcc    00000008                       : ssi.obj (.text:SSIBusy)
                  00003bd4    00000006                       : gpio.obj (.text:GPIOPinRead)
                  00003bda    00000006                       : gpio.obj (.text:GPIOPinWrite)
                  00003be0    00000006                       : sysctl.obj (.text:SysCtlDelay)
                  00003be6    00000006     rtsv7M3_T_le_eabi.lib : copy_decompress_rle.obj (.text:decompress:rle24)
                  00003bec    00000004                           : pre_init.obj (.text)

.const     0    00003bf0    000003ec     
                  00003bf0    000001e0     rit128x96x4.obj (.const:g_pucFont)
                  00003dd0    00000101     rtsv7M3_T_le_eabi.lib : ctype.obj (.const:.string:_ctypes_)
                  00003ed1    00000001     --HOLE-- [fill = 0]
                  00003ed2    00000002     heap_2.obj (.const)
                  00003ed4    0000006c     driverlib-cm3.lib : sysctl.obj (.const:g_pulXtals)
                  00003f40    0000004f     rit128x96x4.obj (.const:.string:g_pucRIT128x96x4Init)
                  00003f8f    00000001     --HOLE-- [fill = 0]
                  00003f90    00000040     driverlib-cm3.lib : sysctl.obj (.const)
                  00003fd0    0000000c     rit128x96x4.obj (.const:.string)

.cinit     0    00003fe0    00000088     
                  00003fe0    00000051     (.cinit..data.load) [load image, compression = rle]
                  00004031    00000003     --HOLE-- [fill = 0]
                  00004034    0000000c     (__TI_handler_table)
                  00004040    00000008     (.cinit..bss.load) [load image, compression = zero_init]
                  00004048    00000008     (.cinit..vtable.load) [load image, compression = zero_init]
                  00004050    00000018     (__TI_cinit_table)

.init_array 
*          0    00000000    00000000     UNINITIALIZED

.vtable    0    20000000    0000026c     UNINITIALIZED
                  20000000    0000026c     driverlib-cm3.lib : interrupt.obj (.vtable)

.bss       0    20000270    000021b0     UNINITIALIZED
                  20000270    00002000     heap_2.obj (.bss:xHeap)
                  20002270    00000100     lm3s1968_startup_ccs.obj (.bss:pulStack)
                  20002370    00000050     tasks.obj (.bss:pxReadyTasksLists)
                  200023c0    00000014     (.common:xDelayedTaskList1)
                  200023d4    00000014     (.common:xDelayedTaskList2)
                  200023e8    00000014     (.common:xPendingReadyList)
                  200023fc    00000008     (.common:g_pucBuffer)
                  20002404    00000008     (.common:xEnd)
                  2000240c    00000008     (.common:xStart)
                  20002414    00000004     (.common:g_ulSSIFlags)
                  20002418    00000004     (.common:pxDelayedTaskList)
                  2000241c    00000004     (.common:pxOverflowDelayedTaskList)

.TI.noinit 
*          0    20000270    00000000     UNINITIALIZED

.stack     0    20002420    00001000     UNINITIALIZED
                  20002420    00001000     --HOLE--

.data      0    20003420    0000018c     UNINITIALIZED
                  20003420    000000b0     rtsv7M3_T_le_eabi.lib : signal.obj (.data:sigtable)
                  200034d0    00000080                           : xvalues.obj (.data)
                  20003550    0000002c     tasks.obj (.data)
                  2000357c    00000008     port.obj (.data)
                  20003584    00000008     heap_2.obj (.data)
                  2000358c    00000008     rtsv7M3_T_le_eabi.lib : _lock.obj (.data)
                  20003594    00000008                           : exit.obj (.data)
                  2000359c    00000008                           : feraiseexcept.obj (.data)
                  200035a4    00000004                           : errno.obj (.data)
                  200035a8    00000004                           : stkdepth_vars.obj (.data)

.TI.persistent 
*          0    20003420    00000000     UNINITIALIZED


LINKER GENERATED COPY TABLES

__TI_cinit_table @ 00004050 records: 3, size/record: 8, table size: 24
	.data: load addr=00003fe0, load size=00000051 bytes, run addr=20003420, run size=0000018c bytes, compression=rle
	.bss: load addr=00004040, load size=00000008 bytes, run addr=20000270, run size=000021b0 bytes, compression=zero_init
	.vtable: load addr=00004048, load size=00000008 bytes, run addr=20000000, run size=0000026c bytes, compression=zero_init


LINKER GENERATED HANDLER TABLE

__TI_handler_table @ 00004034 records: 3, size/record: 4, table size: 12
	index: 0, handler: __TI_zero_init
	index: 1, handler: __TI_decompress_rle24
	index: 2, handler: __TI_decompress_none


GLOBAL SYMBOLS: SORTED ALPHABETICALLY BY Name 

address   name                             
-------   ----                             
00003821  C$$EXIT                          
000039b1  GPIODirModeSet                   
00002ead  GPIOPadConfigSet                 
00003bd5  GPIOPinRead                      
00003b41  GPIOPinTypeGPIOInput             
00003b53  GPIOPinTypeGPIOOutput            
00003b65  GPIOPinTypeSSI                   
00003bdb  GPIOPinWrite                     
00003919  IntRegister                      
000037dd  LEDTask                          
0000279d  OLEDTask                         
00001b95  RIT128x96x4Clear                 
00001e13  RIT128x96x4Disable               
00001f65  RIT128x96x4DisplayOff            
00001f31  RIT128x96x4DisplayOn             
00001db9  RIT128x96x4Enable                
00001d31  RIT128x96x4ImageDraw             
00001e8d  RIT128x96x4Init                  
00001bf1  RIT128x96x4StringDraw            
00003ba3  ResetISR                         
UNDEFED   SHT$$INIT_ARRAY$$Base            
UNDEFED   SHT$$INIT_ARRAY$$Limit           
00003bcd  SSIBusy                          
00003797  SSIConfigSetExpClk               
00003b77  SSIDataGetNonBlocking            
00003baf  SSIDataPut                       
00003bb9  SSIDisable                       
00003bc3  SSIEnable                        
000024fd  SysCtlClockGet                   
0000280d  SysCtlClockSet                   
00003be1  SysCtlDelay                      
00003569  SysCtlPeripheralDisable          
000035c1  SysCtlPeripheralEnable           
000030d1  SysCtlPeripheralReset            
00003af1  SysTickEnable                    
00003b05  SysTickIntEnable                 
00003a89  SysTickIntRegister               
00003a3b  _Dclass                          
200034d0  _Denorm                          
00002f75  _Dnorm                           
00002bb1  _Dscale                          
000034a3  _Dunscale                        
200034e0  _Eps                             
200035a4  _Errno                           
2000359c  _Fenv                            
00003981  _Feraise                         
200034f0  _Hugeval                         
20003500  _Inf                             
20003510  _Nan                             
20003530  _Rteps                           
20003520  _Snan                            
200035a0  _Tls_setup__Fenv                 
20003540  _Xbig                            
20003548  _Zero                            
20003420  __STACK_END                      
00001000  __STACK_SIZE                     
20002620  __STACK_TOP                      
00004050  __TI_CINIT_Base                  
00004068  __TI_CINIT_Limit                 
00004034  __TI_Handler_Table_Base          
00004040  __TI_Handler_Table_Limit         
000033cd  __TI_auto_init                   
20003594  __TI_cleanup_ptr                 
00003b89  __TI_decompress_none             
00003be7  __TI_decompress_rle24            
20003598  __TI_dtors_ptr                   
00000e85  __TI_printfi                     
00000000  __TI_static_base__               
00003b97  __TI_zero_init                   
00003159  __aeabi_cdcmpeq                  
00003159  __aeabi_cdcmple                  
000031df  __aeabi_cdrcmple                 
00003709  __aeabi_d2iz                     
0000219b  __aeabi_dadd                     
00002951  __aeabi_ddiv                     
00002cc1  __aeabi_dmul                     
00002191  __aeabi_dsub                     
000039df  __aeabi_i2d                      
000032e5  __aeabi_memclr                   
000032e5  __aeabi_memclr4                  
000032e5  __aeabi_memclr8                  
00003033  __aeabi_memcpy                   
00003033  __aeabi_memcpy4                  
00003033  __aeabi_memcpy8                  
000032e7  __aeabi_memset                   
000032e7  __aeabi_memset4                  
000032e7  __aeabi_memset8                  
00001f9d  __aeabi_uldivmod                 
ffffffff  __binit__                        
ffffffff  __c_args__                       
20002420  __stack                          
00003ac1  _args_main                       
000038a5  _c_int00                         
00003dd0  _ctypes_                         
2000358c  _lock                            
00003b27  _nop                             
00003b1f  _register_lock                   
00003b19  _register_unlock                 
00003bed  _system_pre_init                 
20003590  _unlock                          
00003825  abort                            
00003671  atoi                             
ffffffff  binit                            
000036bd  copy_in                          
0000382d  exit                             
0000394d  feraiseexcept                    
00003a65  frexp                            
20000000  g_pfnRAMVectors                  
00000000  g_pfnVectors                     
00003751  ldexp                            
00003619  ltoa                             
00003361  main                             
200035a8  main_func_sp                     
00003aa5  memccpy                          
00003033  memcpy                           
000032ed  memset                           
00002349  pvPortMalloc                     
20003550  pxCurrentTCB                     
20002418  pxDelayedTaskList                
2000241c  pxOverflowDelayedTaskList        
00002dbd  pxPortInitialiseStack            
20002370  pxReadyTasksLists                
00003a0d  raise                            
00003865  signal                           
00003509  sprintf                          
00002695  startScreen                      
00003ad9  strchr                           
00003b2d  strlen                           
000038e1  systemInit                       
000032a1  ulPortSetInterruptMask           
20003554  uxCurrentNumberOfTasks           
00002b69  uxListRemove                     
20003564  uxPendedTicks                    
000014d5  uxTaskGetNumberOfTasks           
20003570  uxTaskNumber                     
00001a47  uxTaskResetEventItemValue        
2000355c  uxTopReadyPriority               
00002a87  vListInitialise                  
00002ab7  vListInitialiseItem              
00002b03  vListInsert                      
00002ac7  vListInsertEnd                   
000032af  vPortClearInterruptMask          
00002e2d  vPortEndScheduler                
00002e39  vPortEnterCritical               
00002e49  vPortExitCritical                
00002471  vPortFree                        
000024d9  vPortInitialiseBlocks            
000032b5  vPortSVCHandler                  
00002e83  vPortSetupTimerInterrupt         
000032d3  vPortStartFirstTask              
00002e2f  vPortYieldFromISR                
00001323  vTaskDelay                       
00001297  vTaskDelayUntil                  
000013a9  vTaskEndScheduler                
0000189f  vTaskMissedYield                 
00001685  vTaskPlaceOnEventList            
000016c5  vTaskPlaceOnUnorderedEventList   
0000180f  vTaskSetTimeOutState             
00001363  vTaskStartScheduler              
000013bb  vTaskSuspendAll                  
00001601  vTaskSwitchContext               
200023c0  xDelayedTaskList1                
200023d4  xDelayedTaskList2                
20003574  xNextTaskUnblockTime             
2000356c  xNumOfOverflows                  
200023e8  xPendingReadyList                
000024d3  xPortGetFreeHeapSize             
00003265  xPortPendSVHandler               
00002e05  xPortStartScheduler              
20003580  xPortSysTickCount                
00002e61  xPortSysTickHandler              
20003560  xSchedulerRunning                
00001835  xTaskCheckForTimeOut             
0000118d  xTaskGenericCreate               
000014a1  xTaskGetTickCount                
000014bd  xTaskGetTickCountFromISR         
000014e1  xTaskIncrementTick               
0000170b  xTaskRemoveFromEventList         
00001799  xTaskRemoveFromUnorderedEventList
000013c5  xTaskResumeAll                   
20003558  xTickCount                       
20003568  xYieldPending                    


GLOBAL SYMBOLS: SORTED BY Symbol Address 

address   name                             
-------   ----                             
00000000  __TI_static_base__               
00000000  g_pfnVectors                     
00000e85  __TI_printfi                     
00001000  __STACK_SIZE                     
0000118d  xTaskGenericCreate               
00001297  vTaskDelayUntil                  
00001323  vTaskDelay                       
00001363  vTaskStartScheduler              
000013a9  vTaskEndScheduler                
000013bb  vTaskSuspendAll                  
000013c5  xTaskResumeAll                   
000014a1  xTaskGetTickCount                
000014bd  xTaskGetTickCountFromISR         
000014d5  uxTaskGetNumberOfTasks           
000014e1  xTaskIncrementTick               
00001601  vTaskSwitchContext               
00001685  vTaskPlaceOnEventList            
000016c5  vTaskPlaceOnUnorderedEventList   
0000170b  xTaskRemoveFromEventList         
00001799  xTaskRemoveFromUnorderedEventList
0000180f  vTaskSetTimeOutState             
00001835  xTaskCheckForTimeOut             
0000189f  vTaskMissedYield                 
00001a47  uxTaskResetEventItemValue        
00001b95  RIT128x96x4Clear                 
00001bf1  RIT128x96x4StringDraw            
00001d31  RIT128x96x4ImageDraw             
00001db9  RIT128x96x4Enable                
00001e13  RIT128x96x4Disable               
00001e8d  RIT128x96x4Init                  
00001f31  RIT128x96x4DisplayOn             
00001f65  RIT128x96x4DisplayOff            
00001f9d  __aeabi_uldivmod                 
00002191  __aeabi_dsub                     
0000219b  __aeabi_dadd                     
00002349  pvPortMalloc                     
00002471  vPortFree                        
000024d3  xPortGetFreeHeapSize             
000024d9  vPortInitialiseBlocks            
000024fd  SysCtlClockGet                   
00002695  startScreen                      
0000279d  OLEDTask                         
0000280d  SysCtlClockSet                   
00002951  __aeabi_ddiv                     
00002a87  vListInitialise                  
00002ab7  vListInitialiseItem              
00002ac7  vListInsertEnd                   
00002b03  vListInsert                      
00002b69  uxListRemove                     
00002bb1  _Dscale                          
00002cc1  __aeabi_dmul                     
00002dbd  pxPortInitialiseStack            
00002e05  xPortStartScheduler              
00002e2d  vPortEndScheduler                
00002e2f  vPortYieldFromISR                
00002e39  vPortEnterCritical               
00002e49  vPortExitCritical                
00002e61  xPortSysTickHandler              
00002e83  vPortSetupTimerInterrupt         
00002ead  GPIOPadConfigSet                 
00002f75  _Dnorm                           
00003033  __aeabi_memcpy                   
00003033  __aeabi_memcpy4                  
00003033  __aeabi_memcpy8                  
00003033  memcpy                           
000030d1  SysCtlPeripheralReset            
00003159  __aeabi_cdcmpeq                  
00003159  __aeabi_cdcmple                  
000031df  __aeabi_cdrcmple                 
00003265  xPortPendSVHandler               
000032a1  ulPortSetInterruptMask           
000032af  vPortClearInterruptMask          
000032b5  vPortSVCHandler                  
000032d3  vPortStartFirstTask              
000032e5  __aeabi_memclr                   
000032e5  __aeabi_memclr4                  
000032e5  __aeabi_memclr8                  
000032e7  __aeabi_memset                   
000032e7  __aeabi_memset4                  
000032e7  __aeabi_memset8                  
000032ed  memset                           
00003361  main                             
000033cd  __TI_auto_init                   
000034a3  _Dunscale                        
00003509  sprintf                          
00003569  SysCtlPeripheralDisable          
000035c1  SysCtlPeripheralEnable           
00003619  ltoa                             
00003671  atoi                             
000036bd  copy_in                          
00003709  __aeabi_d2iz                     
00003751  ldexp                            
00003797  SSIConfigSetExpClk               
000037dd  LEDTask                          
00003821  C$$EXIT                          
00003825  abort                            
0000382d  exit                             
00003865  signal                           
000038a5  _c_int00                         
000038e1  systemInit                       
00003919  IntRegister                      
0000394d  feraiseexcept                    
00003981  _Feraise                         
000039b1  GPIODirModeSet                   
000039df  __aeabi_i2d                      
00003a0d  raise                            
00003a3b  _Dclass                          
00003a65  frexp                            
00003a89  SysTickIntRegister               
00003aa5  memccpy                          
00003ac1  _args_main                       
00003ad9  strchr                           
00003af1  SysTickEnable                    
00003b05  SysTickIntEnable                 
00003b19  _register_unlock                 
00003b1f  _register_lock                   
00003b27  _nop                             
00003b2d  strlen                           
00003b41  GPIOPinTypeGPIOInput             
00003b53  GPIOPinTypeGPIOOutput            
00003b65  GPIOPinTypeSSI                   
00003b77  SSIDataGetNonBlocking            
00003b89  __TI_decompress_none             
00003b97  __TI_zero_init                   
00003ba3  ResetISR                         
00003baf  SSIDataPut                       
00003bb9  SSIDisable                       
00003bc3  SSIEnable                        
00003bcd  SSIBusy                          
00003bd5  GPIOPinRead                      
00003bdb  GPIOPinWrite                     
00003be1  SysCtlDelay                      
00003be7  __TI_decompress_rle24            
00003bed  _system_pre_init                 
00003dd0  _ctypes_                         
00004034  __TI_Handler_Table_Base          
00004040  __TI_Handler_Table_Limit         
00004050  __TI_CINIT_Base                  
00004068  __TI_CINIT_Limit                 
20000000  g_pfnRAMVectors                  
20002370  pxReadyTasksLists                
200023c0  xDelayedTaskList1                
200023d4  xDelayedTaskList2                
200023e8  xPendingReadyList                
20002418  pxDelayedTaskList                
2000241c  pxOverflowDelayedTaskList        
20002420  __stack                          
20002620  __STACK_TOP                      
20003420  __STACK_END                      
200034d0  _Denorm                          
200034e0  _Eps                             
200034f0  _Hugeval                         
20003500  _Inf                             
20003510  _Nan                             
20003520  _Snan                            
20003530  _Rteps                           
20003540  _Xbig                            
20003548  _Zero                            
20003550  pxCurrentTCB                     
20003554  uxCurrentNumberOfTasks           
20003558  xTickCount                       
2000355c  uxTopReadyPriority               
20003560  xSchedulerRunning                
20003564  uxPendedTicks                    
20003568  xYieldPending                    
2000356c  xNumOfOverflows                  
20003570  uxTaskNumber                     
20003574  xNextTaskUnblockTime             
20003580  xPortSysTickCount                
2000358c  _lock                            
20003590  _unlock                          
20003594  __TI_cleanup_ptr                 
20003598  __TI_dtors_ptr                   
2000359c  _Fenv                            
200035a0  _Tls_setup__Fenv                 
200035a4  _Errno                           
200035a8  main_func_sp                     
ffffffff  __binit__                        
ffffffff  __c_args__                       
ffffffff  binit                            
UNDEFED   SHT$$INIT_ARRAY$$Base            
UNDEFED   SHT$$INIT_ARRAY$$Limit           

[182 symbols]
