******************************************************************************
                  TI ARM Linker PC v5.2.2                      
******************************************************************************
>> Linked Tue Feb 23 11:30:50 2016

OUTPUT FILE NAME:   <EECS_388_P3.out>
ENTRY POINT SYMBOL: "_c_int00"  address: 00003b05


MEMORY CONFIGURATION

         name            origin    length      used     unused   attr    fill
----------------------  --------  ---------  --------  --------  ----  --------
  FLASH                 00000000   00040000  000042e8  0003bd18  R  X
  SRAM                  20000000   00010000  000035c4  0000ca3c  RW X


SEGMENT ALLOCATION MAP

run origin  load origin   length   init length attrs members
----------  ----------- ---------- ----------- ----- -------
00000000    00000000    000042e8   000042e8    r-x
  00000000    00000000    000000f0   000000f0    r-- .intvecs
  000000f0    000000f0    00003d60   00003d60    r-x .text
  00003e50    00003e50    00000400   00000400    r-- .const
  00004250    00004250    00000098   00000098    r-- .cinit
20000000    20000000    000035cc   00000000    rw-
  20000000    20000000    0000026c   00000000    rw- .vtable
  20000270    20000270    000021bc   00000000    rw- .bss
  2000242c    2000242c    00001000   00000000    rw- .stack
  20003430    20003430    0000019c   00000000    rw- .data


SECTION ALLOCATION MAP

 output                                  attributes/
section   page    origin      length       input sections
--------  ----  ----------  ----------   ----------------
.intvecs   0    00000000    000000f0     
                  00000000    000000f0     lm3s1968_startup_ccs.obj (.intvecs)

.text      0    000000f0    00003d60     
                  000000f0    0000109a     rtsv7M3_T_le_eabi.lib : _printfi.obj (.text)
                  0000118a    00000002     --HOLE-- [fill = 0]
                  0000118c    00000900     tasks.obj (.text)
                  00001a8c    00000510     rit128x96x4.obj (.text)
                  00001f9c    000001f4     rtsv7M3_T_le_eabi.lib : ull_div_t2.obj (.text)
                  00002190    000001b6                           : fd_add_t2.obj (.text)
                  00002346    00000002     --HOLE-- [fill = 0]
                  00002348    000001b4     heap_2.obj (.text)
                  000024fc    00000198     driverlib-cm3.lib : sysctl.obj (.text:SysCtlClockGet)
                  00002694    00000194     oled.obj (.text)
                  00002828    00000144     driverlib-cm3.lib : sysctl.obj (.text:SysCtlClockSet)
                  0000296c    00000136     rtsv7M3_T_le_eabi.lib : fd_div_t2.obj (.text)
                  00002aa2    0000012a     list.obj (.text)
                  00002bcc    00000110     rtsv7M3_T_le_eabi.lib : xdscale.obj (.text)
                  00002cdc    00000100     speaker.obj (.text)
                  00002ddc    000000fc     rtsv7M3_T_le_eabi.lib : fd_mul_t2.obj (.text)
                  00002ed8    000000f0     port.obj (.text)
                  00002fc8    000000ec     buttons.obj (.text)
                  000030b4    000000c8     driverlib-cm3.lib : gpio.obj (.text:GPIOPadConfigSet)
                  0000317c    000000c4     main.obj (.text)
                  00003240    000000be     rtsv7M3_T_le_eabi.lib : xdnorm.obj (.text)
                  000032fe    0000009c                           : memcpy_t2.obj (.text)
                  0000339a    00000002     --HOLE-- [fill = 0]
                  0000339c    00000088     driverlib-cm3.lib : sysctl.obj (.text:SysCtlPeripheralReset)
                  00003424    00000086     rtsv7M3_T_le_eabi.lib : fd_cmp_t2.obj (.text:__aeabi_cdcmple)
                  000034aa    00000086                           : fd_cmp_t2.obj (.text:__aeabi_cdrcmple)
                  00003530    00000080     portasm.obj (.text)
                  000035b0    0000007a     rtsv7M3_T_le_eabi.lib : memset_t2.obj (.text)
                  0000362a    00000002     --HOLE-- [fill = 0]
                  0000362c    0000006c                           : autoinit.obj (.text)
                  00003698    0000006a                           : copy_decompress_rle.obj (.text)
                  00003702    00000066                           : xdunscal.obj (.text)
                  00003768    00000060                           : sprintf.obj (.text)
                  000037c8    00000058     driverlib-cm3.lib : sysctl.obj (.text:SysCtlPeripheralDisable)
                  00003820    00000058                       : sysctl.obj (.text:SysCtlPeripheralEnable)
                  00003878    00000056     rtsv7M3_T_le_eabi.lib : ltoa.obj (.text)
                  000038ce    00000002     --HOLE-- [fill = 0]
                  000038d0    0000004c                           : atoi.obj (.text)
                  0000391c    0000004c                           : cpy_tbl.obj (.text)
                  00003968    00000048                           : fd_toi_t2.obj (.text)
                  000039b0    00000046                           : ldexp.obj (.text)
                  000039f6    00000044     driverlib-cm3.lib : ssi.obj (.text:SSIConfigSetExpClk)
                  00003a3a    00000002     --HOLE-- [fill = 0]
                  00003a3c    00000044     led.obj (.text)
                  00003a80    00000044     rtsv7M3_T_le_eabi.lib : exit.obj (.text)
                  00003ac4    00000040                           : signal.obj (.text)
                  00003b04    0000003c                           : boot.obj (.text)
                  00003b40    00000038     system.obj (.text)
                  00003b78    00000034     driverlib-cm3.lib : interrupt.obj (.text:IntRegister)
                  00003bac    00000034     rtsv7M3_T_le_eabi.lib : feraiseexcept.obj (.text)
                  00003be0    00000030                           : xferaise.obj (.text)
                  00003c10    0000002e     driverlib-cm3.lib : gpio.obj (.text:GPIODirModeSet)
                  00003c3e    0000002e     rtsv7M3_T_le_eabi.lib : i_tofd_t2.obj (.text)
                  00003c6c    0000002e                           : raise.obj (.text)
                  00003c9a    0000002a                           : xdclass.obj (.text)
                  00003cc4    00000022                           : frexp.obj (.text)
                  00003ce6    00000002     --HOLE-- [fill = 0]
                  00003ce8    0000001c     driverlib-cm3.lib : systick.obj (.text:SysTickIntRegister)
                  00003d04    0000001a     rtsv7M3_T_le_eabi.lib : memccpy.obj (.text)
                  00003d1e    00000002     --HOLE-- [fill = 0]
                  00003d20    00000018                           : args_main.obj (.text)
                  00003d38    00000016                           : strchr.obj (.text)
                  00003d4e    00000002     --HOLE-- [fill = 0]
                  00003d50    00000014     driverlib-cm3.lib : systick.obj (.text:SysTickEnable)
                  00003d64    00000014                       : systick.obj (.text:SysTickIntEnable)
                  00003d78    00000014     rtsv7M3_T_le_eabi.lib : _lock.obj (.text)
                  00003d8c    00000014                           : strlen.obj (.text)
                  00003da0    00000012     driverlib-cm3.lib : gpio.obj (.text:GPIOPinTypeGPIOInput)
                  00003db2    00000012                       : gpio.obj (.text:GPIOPinTypeGPIOOutput)
                  00003dc4    00000012                       : gpio.obj (.text:GPIOPinTypeSSI)
                  00003dd6    00000012                       : ssi.obj (.text:SSIDataGetNonBlocking)
                  00003de8    0000000e     rtsv7M3_T_le_eabi.lib : copy_decompress_none.obj (.text:decompress:none)
                  00003df6    0000000c                           : copy_zero_init.obj (.text:decompress:ZI)
                  00003e02    0000000c     lm3s1968_startup_ccs.obj (.text)
                  00003e0e    0000000a     driverlib-cm3.lib : ssi.obj (.text:SSIDataPut)
                  00003e18    0000000a                       : ssi.obj (.text:SSIDisable)
                  00003e22    0000000a                       : ssi.obj (.text:SSIEnable)
                  00003e2c    00000008                       : ssi.obj (.text:SSIBusy)
                  00003e34    00000006                       : gpio.obj (.text:GPIOPinRead)
                  00003e3a    00000006                       : gpio.obj (.text:GPIOPinWrite)
                  00003e40    00000006                       : sysctl.obj (.text:SysCtlDelay)
                  00003e46    00000006     rtsv7M3_T_le_eabi.lib : copy_decompress_rle.obj (.text:decompress:rle24)
                  00003e4c    00000004                           : pre_init.obj (.text)

.const     0    00003e50    00000400     
                  00003e50    000001e0     rit128x96x4.obj (.const:g_pucFont)
                  00004030    00000101     rtsv7M3_T_le_eabi.lib : ctype.obj (.const:.string:_ctypes_)
                  00004131    00000001     --HOLE-- [fill = 0]
                  00004132    00000002     heap_2.obj (.const)
                  00004134    0000006c     driverlib-cm3.lib : sysctl.obj (.const:g_pulXtals)
                  000041a0    0000004f     rit128x96x4.obj (.const:.string:g_pucRIT128x96x4Init)
                  000041ef    00000001     --HOLE-- [fill = 0]
                  000041f0    00000040     driverlib-cm3.lib : sysctl.obj (.const)
                  00004230    00000014     speaker.obj (.const)
                  00004244    0000000c     rit128x96x4.obj (.const:.string)

.cinit     0    00004250    00000098     
                  00004250    0000005d     (.cinit..data.load) [load image, compression = rle]
                  000042ad    00000003     --HOLE-- [fill = 0]
                  000042b0    0000000c     (__TI_handler_table)
                  000042bc    00000004     --HOLE-- [fill = 0]
                  000042c0    00000008     (.cinit..bss.load) [load image, compression = zero_init]
                  000042c8    00000008     (.cinit..vtable.load) [load image, compression = zero_init]
                  000042d0    00000018     (__TI_cinit_table)

.init_array 
*          0    00000000    00000000     UNINITIALIZED

.vtable    0    20000000    0000026c     UNINITIALIZED
                  20000000    0000026c     driverlib-cm3.lib : interrupt.obj (.vtable)

.bss       0    20000270    000021bc     UNINITIALIZED
                  20000270    00002000     heap_2.obj (.bss:xHeap)
                  20002270    00000100     lm3s1968_startup_ccs.obj (.bss:pulStack)
                  20002370    00000050     tasks.obj (.bss:pxReadyTasksLists)
                  200023c0    00000014     (.common:xDelayedTaskList1)
                  200023d4    00000014     (.common:xDelayedTaskList2)
                  200023e8    00000014     (.common:xPendingReadyList)
                  200023fc    00000008     (.common:g_pucBuffer)
                  20002404    00000008     (.common:xEnd)
                  2000240c    00000008     (.common:xStart)
                  20002414    00000004     (.common:delay)
                  20002418    00000004     (.common:flag)
                  2000241c    00000004     (.common:g_ulSSIFlags)
                  20002420    00000004     (.common:pxDelayedTaskList)
                  20002424    00000004     (.common:pxOverflowDelayedTaskList)
                  20002428    00000004     (.common:tone)

.TI.noinit 
*          0    20000270    00000000     UNINITIALIZED

.stack     0    2000242c    00001000     UNINITIALIZED
                  2000242c    00001000     --HOLE--

.data      0    20003430    0000019c     UNINITIALIZED
                  20003430    000000b0     rtsv7M3_T_le_eabi.lib : signal.obj (.data:sigtable)
                  200034e0    00000080                           : xvalues.obj (.data)
                  20003560    0000002c     tasks.obj (.data)
                  2000358c    00000009     buttons.obj (.data)
                  20003595    00000003     --HOLE--
                  20003598    00000008     port.obj (.data)
                  200035a0    00000008     heap_2.obj (.data)
                  200035a8    00000008     rtsv7M3_T_le_eabi.lib : _lock.obj (.data)
                  200035b0    00000008                           : exit.obj (.data)
                  200035b8    00000008                           : feraiseexcept.obj (.data)
                  200035c0    00000004                           : errno.obj (.data)
                  200035c4    00000004                           : stkdepth_vars.obj (.data)
                  200035c8    00000004     speaker.obj (.data)

.TI.persistent 
*          0    20003430    00000000     UNINITIALIZED


LINKER GENERATED COPY TABLES

__TI_cinit_table @ 000042d0 records: 3, size/record: 8, table size: 24
	.data: load addr=00004250, load size=0000005d bytes, run addr=20003430, run size=0000019c bytes, compression=rle
	.bss: load addr=000042c0, load size=00000008 bytes, run addr=20000270, run size=000021bc bytes, compression=zero_init
	.vtable: load addr=000042c8, load size=00000008 bytes, run addr=20000000, run size=0000026c bytes, compression=zero_init


LINKER GENERATED HANDLER TABLE

__TI_handler_table @ 000042b0 records: 3, size/record: 4, table size: 12
	index: 0, handler: __TI_zero_init
	index: 1, handler: __TI_decompress_rle24
	index: 2, handler: __TI_decompress_none


GLOBAL SYMBOLS: SORTED ALPHABETICALLY BY Name 

address   name                             
-------   ----                             
00003a81  C$$EXIT                          
00003c11  GPIODirModeSet                   
000030b5  GPIOPadConfigSet                 
00003e35  GPIOPinRead                      
00003da1  GPIOPinTypeGPIOInput             
00003db3  GPIOPinTypeGPIOOutput            
00003dc5  GPIOPinTypeSSI                   
00003e3b  GPIOPinWrite                     
00003b79  IntRegister                      
00003a3d  LEDTask                          
000027a9  OLEDTask                         
00001b95  RIT128x96x4Clear                 
00001e13  RIT128x96x4Disable               
00001f65  RIT128x96x4DisplayOff            
00001f31  RIT128x96x4DisplayOn             
00001db9  RIT128x96x4Enable                
00001d31  RIT128x96x4ImageDraw             
00001e8d  RIT128x96x4Init                  
00001bf1  RIT128x96x4StringDraw            
00003e03  ResetISR                         
UNDEFED   SHT$$INIT_ARRAY$$Base            
UNDEFED   SHT$$INIT_ARRAY$$Limit           
00003e2d  SSIBusy                          
000039f7  SSIConfigSetExpClk               
00003dd7  SSIDataGetNonBlocking            
00003e0f  SSIDataPut                       
00003e19  SSIDisable                       
00003e23  SSIEnable                        
000024fd  SysCtlClockGet                   
00002829  SysCtlClockSet                   
00003e41  SysCtlDelay                      
000037c9  SysCtlPeripheralDisable          
00003821  SysCtlPeripheralEnable           
0000339d  SysCtlPeripheralReset            
00003d51  SysTickEnable                    
00003d65  SysTickIntEnable                 
00003ce9  SysTickIntRegister               
00003c9b  _Dclass                          
200034e0  _Denorm                          
00003241  _Dnorm                           
00002bcd  _Dscale                          
00003703  _Dunscale                        
200034f0  _Eps                             
200035c0  _Errno                           
200035b8  _Fenv                            
00003be1  _Feraise                         
20003500  _Hugeval                         
20003510  _Inf                             
20003520  _Nan                             
20003540  _Rteps                           
20003530  _Snan                            
200035bc  _Tls_setup__Fenv                 
20003550  _Xbig                            
20003558  _Zero                            
2000342c  __STACK_END                      
00001000  __STACK_SIZE                     
2000262c  __STACK_TOP                      
000042d0  __TI_CINIT_Base                  
000042e8  __TI_CINIT_Limit                 
000042b0  __TI_Handler_Table_Base          
000042bc  __TI_Handler_Table_Limit         
0000362d  __TI_auto_init                   
200035b0  __TI_cleanup_ptr                 
00003de9  __TI_decompress_none             
00003e47  __TI_decompress_rle24            
200035b4  __TI_dtors_ptr                   
00000e85  __TI_printfi                     
00000000  __TI_static_base__               
00003df7  __TI_zero_init                   
00003425  __aeabi_cdcmpeq                  
00003425  __aeabi_cdcmple                  
000034ab  __aeabi_cdrcmple                 
00003969  __aeabi_d2iz                     
0000219b  __aeabi_dadd                     
0000296d  __aeabi_ddiv                     
00002ddd  __aeabi_dmul                     
00002191  __aeabi_dsub                     
00003c3f  __aeabi_i2d                      
000035b1  __aeabi_memclr                   
000035b1  __aeabi_memclr4                  
000035b1  __aeabi_memclr8                  
000032ff  __aeabi_memcpy                   
000032ff  __aeabi_memcpy4                  
000032ff  __aeabi_memcpy8                  
000035b3  __aeabi_memset                   
000035b3  __aeabi_memset4                  
000035b3  __aeabi_memset8                  
00001f9d  __aeabi_uldivmod                 
ffffffff  __binit__                        
ffffffff  __c_args__                       
2000242c  __stack                          
00003d21  _args_main                       
00003b05  _c_int00                         
00004030  _ctypes_                         
200035a8  _lock                            
00003d87  _nop                             
00003d7f  _register_lock                   
00003d79  _register_unlock                 
00003e4d  _system_pre_init                 
200035ac  _unlock                          
00003a85  abort                            
000038d1  atoi                             
ffffffff  binit                            
00002fc9  buttonsTask                      
0000391d  copy_in                          
20003594  curState                         
00003a8d  exit                             
00003bad  feraiseexcept                    
20002418  flag                             
00003cc5  frexp                            
20000000  g_pfnRAMVectors                  
00000000  g_pfnVectors                     
000039b1  ldexp                            
00003879  ltoa                             
0000317d  main                             
200035c4  main_func_sp                     
00003d05  memccpy                          
000032ff  memcpy                           
000035b9  memset                           
00002349  pvPortMalloc                     
20003560  pxCurrentTCB                     
20002420  pxDelayedTaskList                
20002424  pxOverflowDelayedTaskList        
00002ed9  pxPortInitialiseStack            
20002370  pxReadyTasksLists                
00003c6d  raise                            
00003ac5  signal                           
00002cdd  speakerTask                      
00002d47  speakerTone                      
00003769  sprintf                          
00002695  startScreen                      
00003d39  strchr                           
00003d8d  strlen                           
00003b41  systemInit                       
0000356d  ulPortSetInterruptMask           
20003564  uxCurrentNumberOfTasks           
00002b85  uxListRemove                     
20003574  uxPendedTicks                    
000014d5  uxTaskGetNumberOfTasks           
20003580  uxTaskNumber                     
00001a47  uxTaskResetEventItemValue        
2000356c  uxTopReadyPriority               
00002aa3  vListInitialise                  
00002ad3  vListInitialiseItem              
00002b1f  vListInsert                      
00002ae3  vListInsertEnd                   
0000357b  vPortClearInterruptMask          
00002f49  vPortEndScheduler                
00002f55  vPortEnterCritical               
00002f65  vPortExitCritical                
00002471  vPortFree                        
000024d9  vPortInitialiseBlocks            
00003581  vPortSVCHandler                  
00002f9f  vPortSetupTimerInterrupt         
0000359f  vPortStartFirstTask              
00002f4b  vPortYieldFromISR                
00001323  vTaskDelay                       
00001297  vTaskDelayUntil                  
000013a9  vTaskEndScheduler                
0000189f  vTaskMissedYield                 
00001685  vTaskPlaceOnEventList            
000016c5  vTaskPlaceOnUnorderedEventList   
0000180f  vTaskSetTimeOutState             
00001363  vTaskStartScheduler              
000013bb  vTaskSuspendAll                  
00001601  vTaskSwitchContext               
200023c0  xDelayedTaskList1                
200023d4  xDelayedTaskList2                
20003584  xNextTaskUnblockTime             
2000357c  xNumOfOverflows                  
200023e8  xPendingReadyList                
000024d3  xPortGetFreeHeapSize             
00003531  xPortPendSVHandler               
00002f21  xPortStartScheduler              
2000359c  xPortSysTickCount                
00002f7d  xPortSysTickHandler              
20003570  xSchedulerRunning                
00001835  xTaskCheckForTimeOut             
0000118d  xTaskGenericCreate               
000014a1  xTaskGetTickCount                
000014bd  xTaskGetTickCountFromISR         
000014e1  xTaskIncrementTick               
0000170b  xTaskRemoveFromEventList         
00001799  xTaskRemoveFromUnorderedEventList
000013c5  xTaskResumeAll                   
20003568  xTickCount                       
20003578  xYieldPending                    


GLOBAL SYMBOLS: SORTED BY Symbol Address 

address   name                             
-------   ----                             
00000000  __TI_static_base__               
00000000  g_pfnVectors                     
00000e85  __TI_printfi                     
00001000  __STACK_SIZE                     
0000118d  xTaskGenericCreate               
00001297  vTaskDelayUntil                  
00001323  vTaskDelay                       
00001363  vTaskStartScheduler              
000013a9  vTaskEndScheduler                
000013bb  vTaskSuspendAll                  
000013c5  xTaskResumeAll                   
000014a1  xTaskGetTickCount                
000014bd  xTaskGetTickCountFromISR         
000014d5  uxTaskGetNumberOfTasks           
000014e1  xTaskIncrementTick               
00001601  vTaskSwitchContext               
00001685  vTaskPlaceOnEventList            
000016c5  vTaskPlaceOnUnorderedEventList   
0000170b  xTaskRemoveFromEventList         
00001799  xTaskRemoveFromUnorderedEventList
0000180f  vTaskSetTimeOutState             
00001835  xTaskCheckForTimeOut             
0000189f  vTaskMissedYield                 
00001a47  uxTaskResetEventItemValue        
00001b95  RIT128x96x4Clear                 
00001bf1  RIT128x96x4StringDraw            
00001d31  RIT128x96x4ImageDraw             
00001db9  RIT128x96x4Enable                
00001e13  RIT128x96x4Disable               
00001e8d  RIT128x96x4Init                  
00001f31  RIT128x96x4DisplayOn             
00001f65  RIT128x96x4DisplayOff            
00001f9d  __aeabi_uldivmod                 
00002191  __aeabi_dsub                     
0000219b  __aeabi_dadd                     
00002349  pvPortMalloc                     
00002471  vPortFree                        
000024d3  xPortGetFreeHeapSize             
000024d9  vPortInitialiseBlocks            
000024fd  SysCtlClockGet                   
00002695  startScreen                      
000027a9  OLEDTask                         
00002829  SysCtlClockSet                   
0000296d  __aeabi_ddiv                     
00002aa3  vListInitialise                  
00002ad3  vListInitialiseItem              
00002ae3  vListInsertEnd                   
00002b1f  vListInsert                      
00002b85  uxListRemove                     
00002bcd  _Dscale                          
00002cdd  speakerTask                      
00002d47  speakerTone                      
00002ddd  __aeabi_dmul                     
00002ed9  pxPortInitialiseStack            
00002f21  xPortStartScheduler              
00002f49  vPortEndScheduler                
00002f4b  vPortYieldFromISR                
00002f55  vPortEnterCritical               
00002f65  vPortExitCritical                
00002f7d  xPortSysTickHandler              
00002f9f  vPortSetupTimerInterrupt         
00002fc9  buttonsTask                      
000030b5  GPIOPadConfigSet                 
0000317d  main                             
00003241  _Dnorm                           
000032ff  __aeabi_memcpy                   
000032ff  __aeabi_memcpy4                  
000032ff  __aeabi_memcpy8                  
000032ff  memcpy                           
0000339d  SysCtlPeripheralReset            
00003425  __aeabi_cdcmpeq                  
00003425  __aeabi_cdcmple                  
000034ab  __aeabi_cdrcmple                 
00003531  xPortPendSVHandler               
0000356d  ulPortSetInterruptMask           
0000357b  vPortClearInterruptMask          
00003581  vPortSVCHandler                  
0000359f  vPortStartFirstTask              
000035b1  __aeabi_memclr                   
000035b1  __aeabi_memclr4                  
000035b1  __aeabi_memclr8                  
000035b3  __aeabi_memset                   
000035b3  __aeabi_memset4                  
000035b3  __aeabi_memset8                  
000035b9  memset                           
0000362d  __TI_auto_init                   
00003703  _Dunscale                        
00003769  sprintf                          
000037c9  SysCtlPeripheralDisable          
00003821  SysCtlPeripheralEnable           
00003879  ltoa                             
000038d1  atoi                             
0000391d  copy_in                          
00003969  __aeabi_d2iz                     
000039b1  ldexp                            
000039f7  SSIConfigSetExpClk               
00003a3d  LEDTask                          
00003a81  C$$EXIT                          
00003a85  abort                            
00003a8d  exit                             
00003ac5  signal                           
00003b05  _c_int00                         
00003b41  systemInit                       
00003b79  IntRegister                      
00003bad  feraiseexcept                    
00003be1  _Feraise                         
00003c11  GPIODirModeSet                   
00003c3f  __aeabi_i2d                      
00003c6d  raise                            
00003c9b  _Dclass                          
00003cc5  frexp                            
00003ce9  SysTickIntRegister               
00003d05  memccpy                          
00003d21  _args_main                       
00003d39  strchr                           
00003d51  SysTickEnable                    
00003d65  SysTickIntEnable                 
00003d79  _register_unlock                 
00003d7f  _register_lock                   
00003d87  _nop                             
00003d8d  strlen                           
00003da1  GPIOPinTypeGPIOInput             
00003db3  GPIOPinTypeGPIOOutput            
00003dc5  GPIOPinTypeSSI                   
00003dd7  SSIDataGetNonBlocking            
00003de9  __TI_decompress_none             
00003df7  __TI_zero_init                   
00003e03  ResetISR                         
00003e0f  SSIDataPut                       
00003e19  SSIDisable                       
00003e23  SSIEnable                        
00003e2d  SSIBusy                          
00003e35  GPIOPinRead                      
00003e3b  GPIOPinWrite                     
00003e41  SysCtlDelay                      
00003e47  __TI_decompress_rle24            
00003e4d  _system_pre_init                 
00004030  _ctypes_                         
000042b0  __TI_Handler_Table_Base          
000042bc  __TI_Handler_Table_Limit         
000042d0  __TI_CINIT_Base                  
000042e8  __TI_CINIT_Limit                 
20000000  g_pfnRAMVectors                  
20002370  pxReadyTasksLists                
200023c0  xDelayedTaskList1                
200023d4  xDelayedTaskList2                
200023e8  xPendingReadyList                
20002418  flag                             
20002420  pxDelayedTaskList                
20002424  pxOverflowDelayedTaskList        
2000242c  __stack                          
2000262c  __STACK_TOP                      
2000342c  __STACK_END                      
200034e0  _Denorm                          
200034f0  _Eps                             
20003500  _Hugeval                         
20003510  _Inf                             
20003520  _Nan                             
20003530  _Snan                            
20003540  _Rteps                           
20003550  _Xbig                            
20003558  _Zero                            
20003560  pxCurrentTCB                     
20003564  uxCurrentNumberOfTasks           
20003568  xTickCount                       
2000356c  uxTopReadyPriority               
20003570  xSchedulerRunning                
20003574  uxPendedTicks                    
20003578  xYieldPending                    
2000357c  xNumOfOverflows                  
20003580  uxTaskNumber                     
20003584  xNextTaskUnblockTime             
20003594  curState                         
2000359c  xPortSysTickCount                
200035a8  _lock                            
200035ac  _unlock                          
200035b0  __TI_cleanup_ptr                 
200035b4  __TI_dtors_ptr                   
200035b8  _Fenv                            
200035bc  _Tls_setup__Fenv                 
200035c0  _Errno                           
200035c4  main_func_sp                     
ffffffff  __binit__                        
ffffffff  __c_args__                       
ffffffff  binit                            
UNDEFED   SHT$$INIT_ARRAY$$Base            
UNDEFED   SHT$$INIT_ARRAY$$Limit           

[187 symbols]
