******************************************************************************
                  TI ARM Linker PC v5.2.2                      
******************************************************************************
>> Linked Fri Feb 12 13:36:30 2016

OUTPUT FILE NAME:   <EECS_388_P01.out>
ENTRY POINT SYMBOL: "_c_int00"  address: 00002cb9


MEMORY CONFIGURATION

         name            origin    length      used     unused   attr    fill
----------------------  --------  ---------  --------  --------  ----  --------
  FLASH                 00000000   00040000  0000348c  0003cb74  R  X
  SRAM                  20000000   00010000  000014d8  0000eb28  RW X


SEGMENT ALLOCATION MAP

run origin  load origin   length   init length attrs members
----------  ----------- ---------- ----------- ----- -------
00000000    00000000    00003490   00003490    r-x
  00000000    00000000    000000f0   000000f0    r-- .intvecs
  000000f0    000000f0    00002f2c   00002f2c    r-x .text
  0000301c    0000301c    000003f8   000003f8    r-- .const
  00003418    00003418    00000078   00000078    r-- .cinit
20000000    20000000    000014dc   00000000    rw-
  20000000    20000000    0000026c   00000000    rw- .vtable
  2000026c    2000026c    00001000   00000000    rw- .stack
  20001270    20001270    00000160   00000000    rw- .data
  200013d0    200013d0    0000010c   00000000    rw- .bss


SECTION ALLOCATION MAP

 output                                  attributes/
section   page    origin      length       input sections
--------  ----  ----------  ----------   ----------------
.intvecs   0    00000000    000000f0     
                  00000000    000000f0     lm3s1968_startup_ccs.obj (.intvecs)

.text      0    000000f0    00002f2c     
                  000000f0    0000109a     rtsv7M3_T_le_eabi.lib : _printfi.obj (.text)
                  0000118a    00000002     --HOLE-- [fill = 0]
                  0000118c    00000510     rit128x96x4.obj (.text)
                  0000169c    000001f4     rtsv7M3_T_le_eabi.lib : ull_div_t2.obj (.text)
                  00001890    000001ec     oled.obj (.text)
                  00001a7c    000001b6     rtsv7M3_T_le_eabi.lib : fd_add_t2.obj (.text)
                  00001c32    00000002     --HOLE-- [fill = 0]
                  00001c34    00000198     driverlib-cm3.lib : sysctl.obj (.text:SysCtlClockGet)
                  00001dcc    00000144                       : sysctl.obj (.text:SysCtlClockSet)
                  00001f10    00000136     rtsv7M3_T_le_eabi.lib : fd_div_t2.obj (.text)
                  00002046    00000002     --HOLE-- [fill = 0]
                  00002048    00000110                           : xdscale.obj (.text)
                  00002158    000000fc                           : fd_mul_t2.obj (.text)
                  00002254    000000c8     driverlib-cm3.lib : gpio.obj (.text:GPIOPadConfigSet)
                  0000231c    000000be     rtsv7M3_T_le_eabi.lib : xdnorm.obj (.text)
                  000023da    0000009c                           : memcpy_t2.obj (.text)
                  00002476    00000002     --HOLE-- [fill = 0]
                  00002478    00000098     speaker.obj (.text)
                  00002510    00000088     driverlib-cm3.lib : sysctl.obj (.text:SysCtlPeripheralReset)
                  00002598    00000086     rtsv7M3_T_le_eabi.lib : fd_cmp_t2.obj (.text:__aeabi_cdcmple)
                  0000261e    00000086                           : fd_cmp_t2.obj (.text:__aeabi_cdrcmple)
                  000026a4    0000007a                           : memset_t2.obj (.text)
                  0000271e    00000002     --HOLE-- [fill = 0]
                  00002720    00000070     led.obj (.text)
                  00002790    0000006c     rtsv7M3_T_le_eabi.lib : autoinit.obj (.text)
                  000027fc    0000006a                           : copy_decompress_rle.obj (.text)
                  00002866    00000066                           : xdunscal.obj (.text)
                  000028cc    00000060                           : sprintf.obj (.text)
                  0000292c    00000058     driverlib-cm3.lib : sysctl.obj (.text:SysCtlPeripheralDisable)
                  00002984    00000058                       : sysctl.obj (.text:SysCtlPeripheralEnable)
                  000029dc    00000056     rtsv7M3_T_le_eabi.lib : ltoa.obj (.text)
                  00002a32    00000002     --HOLE-- [fill = 0]
                  00002a34    00000050     system.obj (.text)
                  00002a84    0000004c     rtsv7M3_T_le_eabi.lib : atoi.obj (.text)
                  00002ad0    0000004c                           : cpy_tbl.obj (.text)
                  00002b1c    00000048                           : fd_toi_t2.obj (.text)
                  00002b64    00000046                           : ldexp.obj (.text)
                  00002baa    00000044     driverlib-cm3.lib : ssi.obj (.text:SSIConfigSetExpClk)
                  00002bee    00000002     --HOLE-- [fill = 0]
                  00002bf0    00000044     rtsv7M3_T_le_eabi.lib : exit.obj (.text)
                  00002c34    00000044                           : fd_tou_t2.obj (.text)
                  00002c78    00000040                           : signal.obj (.text)
                  00002cb8    0000003c                           : boot.obj (.text)
                  00002cf4    00000034     driverlib-cm3.lib : interrupt.obj (.text:IntRegister)
                  00002d28    00000034     rtsv7M3_T_le_eabi.lib : feraiseexcept.obj (.text)
                  00002d5c    00000030                           : xferaise.obj (.text)
                  00002d8c    0000002e     driverlib-cm3.lib : gpio.obj (.text:GPIODirModeSet)
                  00002dba    0000002e     rtsv7M3_T_le_eabi.lib : i_tofd_t2.obj (.text)
                  00002de8    0000002e                           : raise.obj (.text)
                  00002e16    0000002a                           : xdclass.obj (.text)
                  00002e40    00000022                           : frexp.obj (.text)
                  00002e62    00000020     main.obj (.text)
                  00002e82    00000020     rtsv7M3_T_le_eabi.lib : u_tofd_t2.obj (.text)
                  00002ea2    00000002     --HOLE-- [fill = 0]
                  00002ea4    0000001c     driverlib-cm3.lib : systick.obj (.text:SysTickIntRegister)
                  00002ec0    0000001a     rtsv7M3_T_le_eabi.lib : memccpy.obj (.text)
                  00002eda    00000002     --HOLE-- [fill = 0]
                  00002edc    00000018                           : args_main.obj (.text)
                  00002ef4    00000016                           : strchr.obj (.text)
                  00002f0a    00000002     --HOLE-- [fill = 0]
                  00002f0c    00000014     driverlib-cm3.lib : systick.obj (.text:SysTickEnable)
                  00002f20    00000014                       : systick.obj (.text:SysTickIntEnable)
                  00002f34    00000014     rtsv7M3_T_le_eabi.lib : _lock.obj (.text)
                  00002f48    00000014                           : strlen.obj (.text)
                  00002f5c    00000012     driverlib-cm3.lib : gpio.obj (.text:GPIOPinTypeGPIOInput)
                  00002f6e    00000012                       : gpio.obj (.text:GPIOPinTypeGPIOOutput)
                  00002f80    00000012                       : gpio.obj (.text:GPIOPinTypeSSI)
                  00002f92    00000012                       : ssi.obj (.text:SSIDataGetNonBlocking)
                  00002fa4    00000010                       : systick.obj (.text:SysTickPeriodSet)
                  00002fb4    0000000e     rtsv7M3_T_le_eabi.lib : copy_decompress_none.obj (.text:decompress:none)
                  00002fc2    0000000c                           : copy_zero_init.obj (.text:decompress:ZI)
                  00002fce    0000000c     lm3s1968_startup_ccs.obj (.text)
                  00002fda    0000000a     driverlib-cm3.lib : ssi.obj (.text:SSIDataPut)
                  00002fe4    0000000a                       : ssi.obj (.text:SSIDisable)
                  00002fee    0000000a                       : ssi.obj (.text:SSIEnable)
                  00002ff8    00000008                       : ssi.obj (.text:SSIBusy)
                  00003000    00000006                       : gpio.obj (.text:GPIOPinRead)
                  00003006    00000006                       : gpio.obj (.text:GPIOPinWrite)
                  0000300c    00000006                       : sysctl.obj (.text:SysCtlDelay)
                  00003012    00000006     rtsv7M3_T_le_eabi.lib : copy_decompress_rle.obj (.text:decompress:rle24)
                  00003018    00000004                           : pre_init.obj (.text)

.const     0    0000301c    000003f8     
                  0000301c    000001e0     rit128x96x4.obj (.const:g_pucFont)
                  000031fc    00000101     rtsv7M3_T_le_eabi.lib : ctype.obj (.const:.string:_ctypes_)
                  000032fd    00000003     --HOLE-- [fill = 0]
                  00003300    0000006c     driverlib-cm3.lib : sysctl.obj (.const:g_pulXtals)
                  0000336c    0000004f     rit128x96x4.obj (.const:.string:g_pucRIT128x96x4Init)
                  000033bb    00000001     --HOLE-- [fill = 0]
                  000033bc    00000040     driverlib-cm3.lib : sysctl.obj (.const)
                  000033fc    0000000c     rit128x96x4.obj (.const:.string)
                  00003408    00000004     led.obj (.const)
                  0000340c    00000004     oled.obj (.const)
                  00003410    00000004     speaker.obj (.const)

.cinit     0    00003418    00000078     
                  00003418    00000041     (.cinit..data.load) [load image, compression = rle]
                  00003459    00000003     --HOLE-- [fill = 0]
                  0000345c    0000000c     (__TI_handler_table)
                  00003468    00000008     (.cinit..bss.load) [load image, compression = zero_init]
                  00003470    00000008     (.cinit..vtable.load) [load image, compression = zero_init]
                  00003478    00000018     (__TI_cinit_table)

.init_array 
*          0    00000000    00000000     UNINITIALIZED

.vtable    0    20000000    0000026c     UNINITIALIZED
                  20000000    0000026c     driverlib-cm3.lib : interrupt.obj (.vtable)

.stack     0    2000026c    00001000     UNINITIALIZED
                  2000026c    00001000     --HOLE--

.data      0    20001270    00000160     UNINITIALIZED
                  20001270    000000b0     rtsv7M3_T_le_eabi.lib : signal.obj (.data:sigtable)
                  20001320    00000080                           : xvalues.obj (.data)
                  200013a0    00000008                           : _lock.obj (.data)
                  200013a8    00000008                           : exit.obj (.data)
                  200013b0    00000008                           : feraiseexcept.obj (.data)
                  200013b8    00000004     led.obj (.data)
                  200013bc    00000004     oled.obj (.data)
                  200013c0    00000004     rtsv7M3_T_le_eabi.lib : errno.obj (.data)
                  200013c4    00000004                           : stkdepth_vars.obj (.data)
                  200013c8    00000004     speaker.obj (.data)
                  200013cc    00000004     system.obj (.data)

.bss       0    200013d0    0000010c     UNINITIALIZED
                  200013d0    00000100     lm3s1968_startup_ccs.obj (.bss:pulStack)
                  200014d0    00000008     (.common:g_pucBuffer)
                  200014d8    00000004     (.common:g_ulSSIFlags)

.TI.persistent 
*          0    20001270    00000000     UNINITIALIZED

.TI.noinit 
*          0    200013d0    00000000     UNINITIALIZED


LINKER GENERATED COPY TABLES

__TI_cinit_table @ 00003478 records: 3, size/record: 8, table size: 24
	.data: load addr=00003418, load size=00000041 bytes, run addr=20001270, run size=00000160 bytes, compression=rle
	.bss: load addr=00003468, load size=00000008 bytes, run addr=200013d0, run size=0000010c bytes, compression=zero_init
	.vtable: load addr=00003470, load size=00000008 bytes, run addr=20000000, run size=0000026c bytes, compression=zero_init


LINKER GENERATED HANDLER TABLE

__TI_handler_table @ 0000345c records: 3, size/record: 4, table size: 12
	index: 0, handler: __TI_zero_init
	index: 1, handler: __TI_decompress_rle24
	index: 2, handler: __TI_decompress_none


GLOBAL SYMBOLS: SORTED ALPHABETICALLY BY Name 

address   name                    
-------   ----                    
00002bf1  C$$EXIT                 
00002d8d  GPIODirModeSet          
00002255  GPIOPadConfigSet        
00003001  GPIOPinRead             
00002f5d  GPIOPinTypeGPIOInput    
00002f6f  GPIOPinTypeGPIOOutput   
00002f81  GPIOPinTypeSSI          
00003007  GPIOPinWrite            
00002cf5  IntRegister             
0000274b  LEDExec                 
00002721  LEDInit                 
000019b3  OLEDExec                
00001891  OLEDInit                
00001295  RIT128x96x4Clear        
00001513  RIT128x96x4Disable      
00001665  RIT128x96x4DisplayOff   
00001631  RIT128x96x4DisplayOn    
000014b9  RIT128x96x4Enable       
00001431  RIT128x96x4ImageDraw    
0000158d  RIT128x96x4Init         
000012f1  RIT128x96x4StringDraw   
00002fcf  ResetISR                
UNDEFED   SHT$$INIT_ARRAY$$Base   
UNDEFED   SHT$$INIT_ARRAY$$Limit  
00002ff9  SSIBusy                 
00002bab  SSIConfigSetExpClk      
00002f93  SSIDataGetNonBlocking   
00002fdb  SSIDataPut              
00002fe5  SSIDisable              
00002fef  SSIEnable               
00001c35  SysCtlClockGet          
00001dcd  SysCtlClockSet          
0000300d  SysCtlDelay             
0000292d  SysCtlPeripheralDisable 
00002985  SysCtlPeripheralEnable  
00002511  SysCtlPeripheralReset   
00002f0d  SysTickEnable           
00002f21  SysTickIntEnable        
00002ea5  SysTickIntRegister      
00002fa5  SysTickPeriodSet        
00002e17  _Dclass                 
20001320  _Denorm                 
0000231d  _Dnorm                  
00002049  _Dscale                 
00002867  _Dunscale               
20001330  _Eps                    
200013c0  _Errno                  
200013b0  _Fenv                   
00002d5d  _Feraise                
20001340  _Hugeval                
20001350  _Inf                    
20001360  _Nan                    
20001380  _Rteps                  
20001370  _Snan                   
200013b4  _Tls_setup__Fenv        
20001390  _Xbig                   
20001398  _Zero                   
2000126c  __STACK_END             
00001000  __STACK_SIZE            
2000046c  __STACK_TOP             
00003478  __TI_CINIT_Base         
00003490  __TI_CINIT_Limit        
0000345c  __TI_Handler_Table_Base 
00003468  __TI_Handler_Table_Limit
00002791  __TI_auto_init          
200013a8  __TI_cleanup_ptr        
00002fb5  __TI_decompress_none    
00003013  __TI_decompress_rle24   
200013ac  __TI_dtors_ptr          
00000e85  __TI_printfi            
00000000  __TI_static_base__      
00002fc3  __TI_zero_init          
00002599  __aeabi_cdcmpeq         
00002599  __aeabi_cdcmple         
0000261f  __aeabi_cdrcmple        
00002b1d  __aeabi_d2iz            
00002c35  __aeabi_d2uiz           
00001a87  __aeabi_dadd            
00001f11  __aeabi_ddiv            
00002159  __aeabi_dmul            
00001a7d  __aeabi_dsub            
00002dbb  __aeabi_i2d             
000026a5  __aeabi_memclr          
000026a5  __aeabi_memclr4         
000026a5  __aeabi_memclr8         
000023db  __aeabi_memcpy          
000023db  __aeabi_memcpy4         
000023db  __aeabi_memcpy8         
000026a7  __aeabi_memset          
000026a7  __aeabi_memset4         
000026a7  __aeabi_memset8         
00002e83  __aeabi_ui2d            
0000169d  __aeabi_uldivmod        
ffffffff  __binit__               
ffffffff  __c_args__              
2000026c  __stack                 
00002edd  _args_main              
00002cb9  _c_int00                
000031fc  _ctypes_                
200013a0  _lock                   
00002f43  _nop                    
00002f3b  _register_lock          
00002f35  _register_unlock        
00003019  _system_pre_init        
200013a4  _unlock                 
00002bf5  abort                   
00002a85  atoi                    
ffffffff  binit                   
00002ad1  copy_in                 
00002bfd  exit                    
00002d29  feraiseexcept           
00002e41  frexp                   
20000000  g_pfnRAMVectors         
00000000  g_pfnVectors            
00002b65  ldexp                   
000029dd  ltoa                    
00002e63  main                    
200013c4  main_func_sp            
00002ec1  memccpy                 
000023db  memcpy                  
000026ad  memset                  
00002de9  raise                   
00002c79  signal                  
000024b5  speakerExec             
00002479  speakerInit             
000028cd  sprintf                 
00002ef5  strchr                  
00002f49  strlen                  
200013cc  sysTickCount            
00002a3f  systemInit              


GLOBAL SYMBOLS: SORTED BY Symbol Address 

address   name                    
-------   ----                    
00000000  __TI_static_base__      
00000000  g_pfnVectors            
00000e85  __TI_printfi            
00001000  __STACK_SIZE            
00001295  RIT128x96x4Clear        
000012f1  RIT128x96x4StringDraw   
00001431  RIT128x96x4ImageDraw    
000014b9  RIT128x96x4Enable       
00001513  RIT128x96x4Disable      
0000158d  RIT128x96x4Init         
00001631  RIT128x96x4DisplayOn    
00001665  RIT128x96x4DisplayOff   
0000169d  __aeabi_uldivmod        
00001891  OLEDInit                
000019b3  OLEDExec                
00001a7d  __aeabi_dsub            
00001a87  __aeabi_dadd            
00001c35  SysCtlClockGet          
00001dcd  SysCtlClockSet          
00001f11  __aeabi_ddiv            
00002049  _Dscale                 
00002159  __aeabi_dmul            
00002255  GPIOPadConfigSet        
0000231d  _Dnorm                  
000023db  __aeabi_memcpy          
000023db  __aeabi_memcpy4         
000023db  __aeabi_memcpy8         
000023db  memcpy                  
00002479  speakerInit             
000024b5  speakerExec             
00002511  SysCtlPeripheralReset   
00002599  __aeabi_cdcmpeq         
00002599  __aeabi_cdcmple         
0000261f  __aeabi_cdrcmple        
000026a5  __aeabi_memclr          
000026a5  __aeabi_memclr4         
000026a5  __aeabi_memclr8         
000026a7  __aeabi_memset          
000026a7  __aeabi_memset4         
000026a7  __aeabi_memset8         
000026ad  memset                  
00002721  LEDInit                 
0000274b  LEDExec                 
00002791  __TI_auto_init          
00002867  _Dunscale               
000028cd  sprintf                 
0000292d  SysCtlPeripheralDisable 
00002985  SysCtlPeripheralEnable  
000029dd  ltoa                    
00002a3f  systemInit              
00002a85  atoi                    
00002ad1  copy_in                 
00002b1d  __aeabi_d2iz            
00002b65  ldexp                   
00002bab  SSIConfigSetExpClk      
00002bf1  C$$EXIT                 
00002bf5  abort                   
00002bfd  exit                    
00002c35  __aeabi_d2uiz           
00002c79  signal                  
00002cb9  _c_int00                
00002cf5  IntRegister             
00002d29  feraiseexcept           
00002d5d  _Feraise                
00002d8d  GPIODirModeSet          
00002dbb  __aeabi_i2d             
00002de9  raise                   
00002e17  _Dclass                 
00002e41  frexp                   
00002e63  main                    
00002e83  __aeabi_ui2d            
00002ea5  SysTickIntRegister      
00002ec1  memccpy                 
00002edd  _args_main              
00002ef5  strchr                  
00002f0d  SysTickEnable           
00002f21  SysTickIntEnable        
00002f35  _register_unlock        
00002f3b  _register_lock          
00002f43  _nop                    
00002f49  strlen                  
00002f5d  GPIOPinTypeGPIOInput    
00002f6f  GPIOPinTypeGPIOOutput   
00002f81  GPIOPinTypeSSI          
00002f93  SSIDataGetNonBlocking   
00002fa5  SysTickPeriodSet        
00002fb5  __TI_decompress_none    
00002fc3  __TI_zero_init          
00002fcf  ResetISR                
00002fdb  SSIDataPut              
00002fe5  SSIDisable              
00002fef  SSIEnable               
00002ff9  SSIBusy                 
00003001  GPIOPinRead             
00003007  GPIOPinWrite            
0000300d  SysCtlDelay             
00003013  __TI_decompress_rle24   
00003019  _system_pre_init        
000031fc  _ctypes_                
0000345c  __TI_Handler_Table_Base 
00003468  __TI_Handler_Table_Limit
00003478  __TI_CINIT_Base         
00003490  __TI_CINIT_Limit        
20000000  g_pfnRAMVectors         
2000026c  __stack                 
2000046c  __STACK_TOP             
2000126c  __STACK_END             
20001320  _Denorm                 
20001330  _Eps                    
20001340  _Hugeval                
20001350  _Inf                    
20001360  _Nan                    
20001370  _Snan                   
20001380  _Rteps                  
20001390  _Xbig                   
20001398  _Zero                   
200013a0  _lock                   
200013a4  _unlock                 
200013a8  __TI_cleanup_ptr        
200013ac  __TI_dtors_ptr          
200013b0  _Fenv                   
200013b4  _Tls_setup__Fenv        
200013c0  _Errno                  
200013c4  main_func_sp            
200013cc  sysTickCount            
ffffffff  __binit__               
ffffffff  __c_args__              
ffffffff  binit                   
UNDEFED   SHT$$INIT_ARRAY$$Base   
UNDEFED   SHT$$INIT_ARRAY$$Limit  

[130 symbols]
