******************************************************************************
                  TI ARM Linker PC v5.2.2                      
******************************************************************************
>> Linked Tue Feb 16 10:34:42 2016

OUTPUT FILE NAME:   <EECS_388_P2.out>
ENTRY POINT SYMBOL: "_c_int00"  address: 00002e39


MEMORY CONFIGURATION

         name            origin    length      used     unused   attr    fill
----------------------  --------  ---------  --------  --------  ----  --------
  FLASH                 00000000   00040000  00003638  0003c9c8  R  X
  SRAM                  20000000   00010000  000014f4  0000eb0c  RW X


SEGMENT ALLOCATION MAP

run origin  load origin   length   init length attrs members
----------  ----------- ---------- ----------- ----- -------
00000000    00000000    00003638   00003638    r-x
  00000000    00000000    000000f0   000000f0    r-- .intvecs
  000000f0    000000f0    000030b4   000030b4    r-x .text
  000031a4    000031a4    0000040c   0000040c    r-- .const
  000035b0    000035b0    00000088   00000088    r-- .cinit
20000000    20000000    000014f8   00000000    rw-
  20000000    20000000    0000026c   00000000    rw- .vtable
  2000026c    2000026c    00001000   00000000    rw- .stack
  20001270    20001270    00000174   00000000    rw- .data
  200013e4    200013e4    00000114   00000000    rw- .bss


SECTION ALLOCATION MAP

 output                                  attributes/
section   page    origin      length       input sections
--------  ----  ----------  ----------   ----------------
.intvecs   0    00000000    000000f0     
                  00000000    000000f0     lm3s1968_startup_ccs.obj (.intvecs)

.text      0    000000f0    000030b4     
                  000000f0    0000109a     rtsv7M3_T_le_eabi.lib : _printfi.obj (.text)
                  0000118a    00000002     --HOLE-- [fill = 0]
                  0000118c    00000510     rit128x96x4.obj (.text)
                  0000169c    000001f4     rtsv7M3_T_le_eabi.lib : ull_div_t2.obj (.text)
                  00001890    000001b8     oled.obj (.text)
                  00001a48    000001b6     rtsv7M3_T_le_eabi.lib : fd_add_t2.obj (.text)
                  00001bfe    00000002     --HOLE-- [fill = 0]
                  00001c00    00000198     driverlib-cm3.lib : sysctl.obj (.text:SysCtlClockGet)
                  00001d98    00000144                       : sysctl.obj (.text:SysCtlClockSet)
                  00001edc    00000136     rtsv7M3_T_le_eabi.lib : fd_div_t2.obj (.text)
                  00002012    00000002     --HOLE-- [fill = 0]
                  00002014    00000134     speaker.obj (.text)
                  00002148    00000118     buttons.obj (.text)
                  00002260    00000110     rtsv7M3_T_le_eabi.lib : xdscale.obj (.text)
                  00002370    000000fc                           : fd_mul_t2.obj (.text)
                  0000246c    000000c8     driverlib-cm3.lib : gpio.obj (.text:GPIOPadConfigSet)
                  00002534    000000be     rtsv7M3_T_le_eabi.lib : xdnorm.obj (.text)
                  000025f2    0000009c                           : memcpy_t2.obj (.text)
                  0000268e    00000002     --HOLE-- [fill = 0]
                  00002690    00000088     driverlib-cm3.lib : sysctl.obj (.text:SysCtlPeripheralReset)
                  00002718    00000086     rtsv7M3_T_le_eabi.lib : fd_cmp_t2.obj (.text:__aeabi_cdcmple)
                  0000279e    00000086                           : fd_cmp_t2.obj (.text:__aeabi_cdrcmple)
                  00002824    0000007a                           : memset_t2.obj (.text)
                  0000289e    00000002     --HOLE-- [fill = 0]
                  000028a0    00000070     led.obj (.text)
                  00002910    0000006c     rtsv7M3_T_le_eabi.lib : autoinit.obj (.text)
                  0000297c    0000006a                           : copy_decompress_rle.obj (.text)
                  000029e6    00000066                           : xdunscal.obj (.text)
                  00002a4c    00000060                           : sprintf.obj (.text)
                  00002aac    00000058     driverlib-cm3.lib : sysctl.obj (.text:SysCtlPeripheralDisable)
                  00002b04    00000058                       : sysctl.obj (.text:SysCtlPeripheralEnable)
                  00002b5c    00000056     rtsv7M3_T_le_eabi.lib : ltoa.obj (.text)
                  00002bb2    00000002     --HOLE-- [fill = 0]
                  00002bb4    00000050     system.obj (.text)
                  00002c04    0000004c     rtsv7M3_T_le_eabi.lib : atoi.obj (.text)
                  00002c50    0000004c                           : cpy_tbl.obj (.text)
                  00002c9c    00000048                           : fd_toi_t2.obj (.text)
                  00002ce4    00000046                           : ldexp.obj (.text)
                  00002d2a    00000044     driverlib-cm3.lib : ssi.obj (.text:SSIConfigSetExpClk)
                  00002d6e    00000002     --HOLE-- [fill = 0]
                  00002d70    00000044     rtsv7M3_T_le_eabi.lib : exit.obj (.text)
                  00002db4    00000044                           : fd_tou_t2.obj (.text)
                  00002df8    00000040                           : signal.obj (.text)
                  00002e38    0000003c                           : boot.obj (.text)
                  00002e74    00000034     driverlib-cm3.lib : interrupt.obj (.text:IntRegister)
                  00002ea8    00000034     rtsv7M3_T_le_eabi.lib : feraiseexcept.obj (.text)
                  00002edc    00000030                           : xferaise.obj (.text)
                  00002f0c    0000002e     driverlib-cm3.lib : gpio.obj (.text:GPIODirModeSet)
                  00002f3a    0000002e     rtsv7M3_T_le_eabi.lib : i_tofd_t2.obj (.text)
                  00002f68    0000002e                           : raise.obj (.text)
                  00002f96    0000002a                           : xdclass.obj (.text)
                  00002fc0    00000028     main.obj (.text)
                  00002fe8    00000022     rtsv7M3_T_le_eabi.lib : frexp.obj (.text)
                  0000300a    00000020                           : u_tofd_t2.obj (.text)
                  0000302a    00000002     --HOLE-- [fill = 0]
                  0000302c    0000001c     driverlib-cm3.lib : systick.obj (.text:SysTickIntRegister)
                  00003048    0000001a     rtsv7M3_T_le_eabi.lib : memccpy.obj (.text)
                  00003062    00000002     --HOLE-- [fill = 0]
                  00003064    00000018                           : args_main.obj (.text)
                  0000307c    00000016                           : strchr.obj (.text)
                  00003092    00000002     --HOLE-- [fill = 0]
                  00003094    00000014     driverlib-cm3.lib : systick.obj (.text:SysTickEnable)
                  000030a8    00000014                       : systick.obj (.text:SysTickIntEnable)
                  000030bc    00000014     rtsv7M3_T_le_eabi.lib : _lock.obj (.text)
                  000030d0    00000014                           : strlen.obj (.text)
                  000030e4    00000012     driverlib-cm3.lib : gpio.obj (.text:GPIOPinTypeGPIOInput)
                  000030f6    00000012                       : gpio.obj (.text:GPIOPinTypeGPIOOutput)
                  00003108    00000012                       : gpio.obj (.text:GPIOPinTypeSSI)
                  0000311a    00000012                       : ssi.obj (.text:SSIDataGetNonBlocking)
                  0000312c    00000010                       : systick.obj (.text:SysTickPeriodSet)
                  0000313c    0000000e     rtsv7M3_T_le_eabi.lib : copy_decompress_none.obj (.text:decompress:none)
                  0000314a    0000000c                           : copy_zero_init.obj (.text:decompress:ZI)
                  00003156    0000000c     lm3s1968_startup_ccs.obj (.text)
                  00003162    0000000a     driverlib-cm3.lib : ssi.obj (.text:SSIDataPut)
                  0000316c    0000000a                       : ssi.obj (.text:SSIDisable)
                  00003176    0000000a                       : ssi.obj (.text:SSIEnable)
                  00003180    00000008                       : ssi.obj (.text:SSIBusy)
                  00003188    00000006                       : gpio.obj (.text:GPIOPinRead)
                  0000318e    00000006                       : gpio.obj (.text:GPIOPinWrite)
                  00003194    00000006                       : sysctl.obj (.text:SysCtlDelay)
                  0000319a    00000006     rtsv7M3_T_le_eabi.lib : copy_decompress_rle.obj (.text:decompress:rle24)
                  000031a0    00000004                           : pre_init.obj (.text)

.const     0    000031a4    0000040c     
                  000031a4    000001e0     rit128x96x4.obj (.const:g_pucFont)
                  00003384    00000101     rtsv7M3_T_le_eabi.lib : ctype.obj (.const:.string:_ctypes_)
                  00003485    00000003     --HOLE-- [fill = 0]
                  00003488    0000006c     driverlib-cm3.lib : sysctl.obj (.const:g_pulXtals)
                  000034f4    0000004f     rit128x96x4.obj (.const:.string:g_pucRIT128x96x4Init)
                  00003543    00000001     --HOLE-- [fill = 0]
                  00003544    00000040     driverlib-cm3.lib : sysctl.obj (.const)
                  00003584    00000014     speaker.obj (.const)
                  00003598    0000000c     rit128x96x4.obj (.const:.string)
                  000035a4    00000004     buttons.obj (.const)
                  000035a8    00000004     led.obj (.const)
                  000035ac    00000004     oled.obj (.const)

.cinit     0    000035b0    00000088     
                  000035b0    0000004d     (.cinit..data.load) [load image, compression = rle]
                  000035fd    00000003     --HOLE-- [fill = 0]
                  00003600    0000000c     (__TI_handler_table)
                  0000360c    00000004     --HOLE-- [fill = 0]
                  00003610    00000008     (.cinit..bss.load) [load image, compression = zero_init]
                  00003618    00000008     (.cinit..vtable.load) [load image, compression = zero_init]
                  00003620    00000018     (__TI_cinit_table)

.init_array 
*          0    00000000    00000000     UNINITIALIZED

.vtable    0    20000000    0000026c     UNINITIALIZED
                  20000000    0000026c     driverlib-cm3.lib : interrupt.obj (.vtable)

.stack     0    2000026c    00001000     UNINITIALIZED
                  2000026c    00001000     --HOLE--

.data      0    20001270    00000174     UNINITIALIZED
                  20001270    000000b0     rtsv7M3_T_le_eabi.lib : signal.obj (.data:sigtable)
                  20001320    00000080                           : xvalues.obj (.data)
                  200013a0    0000000d     buttons.obj (.data)
                  200013ad    00000003     --HOLE--
                  200013b0    00000008     rtsv7M3_T_le_eabi.lib : _lock.obj (.data)
                  200013b8    00000008                           : exit.obj (.data)
                  200013c0    00000008                           : feraiseexcept.obj (.data)
                  200013c8    00000008     speaker.obj (.data)
                  200013d0    00000004     led.obj (.data)
                  200013d4    00000004     oled.obj (.data)
                  200013d8    00000004     rtsv7M3_T_le_eabi.lib : errno.obj (.data)
                  200013dc    00000004                           : stkdepth_vars.obj (.data)
                  200013e0    00000004     system.obj (.data)

.bss       0    200013e4    00000114     UNINITIALIZED
                  200013e4    00000100     lm3s1968_startup_ccs.obj (.bss:pulStack)
                  200014e4    00000008     (.common:g_pucBuffer)
                  200014ec    00000004     (.common:flag)
                  200014f0    00000004     (.common:g_ulSSIFlags)
                  200014f4    00000004     (.common:tone)

.TI.persistent 
*          0    20001270    00000000     UNINITIALIZED

.TI.noinit 
*          0    200013e4    00000000     UNINITIALIZED


LINKER GENERATED COPY TABLES

__TI_cinit_table @ 00003620 records: 3, size/record: 8, table size: 24
	.data: load addr=000035b0, load size=0000004d bytes, run addr=20001270, run size=00000174 bytes, compression=rle
	.bss: load addr=00003610, load size=00000008 bytes, run addr=200013e4, run size=00000114 bytes, compression=zero_init
	.vtable: load addr=00003618, load size=00000008 bytes, run addr=20000000, run size=0000026c bytes, compression=zero_init


LINKER GENERATED HANDLER TABLE

__TI_handler_table @ 00003600 records: 3, size/record: 4, table size: 12
	index: 0, handler: __TI_zero_init
	index: 1, handler: __TI_decompress_rle24
	index: 2, handler: __TI_decompress_none


GLOBAL SYMBOLS: SORTED ALPHABETICALLY BY Name 

address   name                    
-------   ----                    
00002d71  C$$EXIT                 
00002f0d  GPIODirModeSet          
0000246d  GPIOPadConfigSet        
00003189  GPIOPinRead             
000030e5  GPIOPinTypeGPIOInput    
000030f7  GPIOPinTypeGPIOOutput   
00003109  GPIOPinTypeSSI          
0000318f  GPIOPinWrite            
00002e75  IntRegister             
000028cb  LEDExec                 
000028a1  LEDInit                 
000019b3  OLEDExec                
00001891  OLEDInit                
00001295  RIT128x96x4Clear        
00001513  RIT128x96x4Disable      
00001665  RIT128x96x4DisplayOff   
00001631  RIT128x96x4DisplayOn    
000014b9  RIT128x96x4Enable       
00001431  RIT128x96x4ImageDraw    
0000158d  RIT128x96x4Init         
000012f1  RIT128x96x4StringDraw   
00003157  ResetISR                
UNDEFED   SHT$$INIT_ARRAY$$Base   
UNDEFED   SHT$$INIT_ARRAY$$Limit  
00003181  SSIBusy                 
00002d2b  SSIConfigSetExpClk      
0000311b  SSIDataGetNonBlocking   
00003163  SSIDataPut              
0000316d  SSIDisable              
00003177  SSIEnable               
00001c01  SysCtlClockGet          
00001d99  SysCtlClockSet          
00003195  SysCtlDelay             
00002aad  SysCtlPeripheralDisable 
00002b05  SysCtlPeripheralEnable  
00002691  SysCtlPeripheralReset   
00003095  SysTickEnable           
000030a9  SysTickIntEnable        
0000302d  SysTickIntRegister      
0000312d  SysTickPeriodSet        
00002f97  _Dclass                 
20001320  _Denorm                 
00002535  _Dnorm                  
00002261  _Dscale                 
000029e7  _Dunscale               
20001330  _Eps                    
200013d8  _Errno                  
200013c0  _Fenv                   
00002edd  _Feraise                
20001340  _Hugeval                
20001350  _Inf                    
20001360  _Nan                    
20001380  _Rteps                  
20001370  _Snan                   
200013c4  _Tls_setup__Fenv        
20001390  _Xbig                   
20001398  _Zero                   
2000126c  __STACK_END             
00001000  __STACK_SIZE            
2000046c  __STACK_TOP             
00003620  __TI_CINIT_Base         
00003638  __TI_CINIT_Limit        
00003600  __TI_Handler_Table_Base 
0000360c  __TI_Handler_Table_Limit
00002911  __TI_auto_init          
200013b8  __TI_cleanup_ptr        
0000313d  __TI_decompress_none    
0000319b  __TI_decompress_rle24   
200013bc  __TI_dtors_ptr          
00000e85  __TI_printfi            
00000000  __TI_static_base__      
0000314b  __TI_zero_init          
00002719  __aeabi_cdcmpeq         
00002719  __aeabi_cdcmple         
0000279f  __aeabi_cdrcmple        
00002c9d  __aeabi_d2iz            
00002db5  __aeabi_d2uiz           
00001a53  __aeabi_dadd            
00001edd  __aeabi_ddiv            
00002371  __aeabi_dmul            
00001a49  __aeabi_dsub            
00002f3b  __aeabi_i2d             
00002825  __aeabi_memclr          
00002825  __aeabi_memclr4         
00002825  __aeabi_memclr8         
000025f3  __aeabi_memcpy          
000025f3  __aeabi_memcpy4         
000025f3  __aeabi_memcpy8         
00002827  __aeabi_memset          
00002827  __aeabi_memset4         
00002827  __aeabi_memset8         
0000300b  __aeabi_ui2d            
0000169d  __aeabi_uldivmod        
ffffffff  __binit__               
ffffffff  __c_args__              
2000026c  __stack                 
00003065  _args_main              
00002e39  _c_int00                
00003384  _ctypes_                
200013b0  _lock                   
000030cb  _nop                    
000030c3  _register_lock          
000030bd  _register_unlock        
000031a1  _system_pre_init        
200013b4  _unlock                 
00002d75  abort                   
00002c05  atoi                    
ffffffff  binit                   
00002167  buttonsExec             
00002149  buttonsInit             
00002c51  copy_in                 
200013ac  curState                
00002d7d  exit                    
00002ea9  feraiseexcept           
200014ec  flag                    
00002fe9  frexp                   
20000000  g_pfnRAMVectors         
00000000  g_pfnVectors            
00002ce5  ldexp                   
00002b5d  ltoa                    
00002fc1  main                    
200013dc  main_func_sp            
00003049  memccpy                 
000025f3  memcpy                  
0000282d  memset                  
00002f69  raise                   
00002df9  signal                  
000020c3  speakerExec             
00002015  speakerInit             
00002051  speakerTone             
00002a4d  sprintf                 
0000307d  strchr                  
000030d1  strlen                  
200013e0  sysTickCount            
00002bbf  systemInit              


GLOBAL SYMBOLS: SORTED BY Symbol Address 

address   name                    
-------   ----                    
00000000  __TI_static_base__      
00000000  g_pfnVectors            
00000e85  __TI_printfi            
00001000  __STACK_SIZE            
00001295  RIT128x96x4Clear        
000012f1  RIT128x96x4StringDraw   
00001431  RIT128x96x4ImageDraw    
000014b9  RIT128x96x4Enable       
00001513  RIT128x96x4Disable      
0000158d  RIT128x96x4Init         
00001631  RIT128x96x4DisplayOn    
00001665  RIT128x96x4DisplayOff   
0000169d  __aeabi_uldivmod        
00001891  OLEDInit                
000019b3  OLEDExec                
00001a49  __aeabi_dsub            
00001a53  __aeabi_dadd            
00001c01  SysCtlClockGet          
00001d99  SysCtlClockSet          
00001edd  __aeabi_ddiv            
00002015  speakerInit             
00002051  speakerTone             
000020c3  speakerExec             
00002149  buttonsInit             
00002167  buttonsExec             
00002261  _Dscale                 
00002371  __aeabi_dmul            
0000246d  GPIOPadConfigSet        
00002535  _Dnorm                  
000025f3  __aeabi_memcpy          
000025f3  __aeabi_memcpy4         
000025f3  __aeabi_memcpy8         
000025f3  memcpy                  
00002691  SysCtlPeripheralReset   
00002719  __aeabi_cdcmpeq         
00002719  __aeabi_cdcmple         
0000279f  __aeabi_cdrcmple        
00002825  __aeabi_memclr          
00002825  __aeabi_memclr4         
00002825  __aeabi_memclr8         
00002827  __aeabi_memset          
00002827  __aeabi_memset4         
00002827  __aeabi_memset8         
0000282d  memset                  
000028a1  LEDInit                 
000028cb  LEDExec                 
00002911  __TI_auto_init          
000029e7  _Dunscale               
00002a4d  sprintf                 
00002aad  SysCtlPeripheralDisable 
00002b05  SysCtlPeripheralEnable  
00002b5d  ltoa                    
00002bbf  systemInit              
00002c05  atoi                    
00002c51  copy_in                 
00002c9d  __aeabi_d2iz            
00002ce5  ldexp                   
00002d2b  SSIConfigSetExpClk      
00002d71  C$$EXIT                 
00002d75  abort                   
00002d7d  exit                    
00002db5  __aeabi_d2uiz           
00002df9  signal                  
00002e39  _c_int00                
00002e75  IntRegister             
00002ea9  feraiseexcept           
00002edd  _Feraise                
00002f0d  GPIODirModeSet          
00002f3b  __aeabi_i2d             
00002f69  raise                   
00002f97  _Dclass                 
00002fc1  main                    
00002fe9  frexp                   
0000300b  __aeabi_ui2d            
0000302d  SysTickIntRegister      
00003049  memccpy                 
00003065  _args_main              
0000307d  strchr                  
00003095  SysTickEnable           
000030a9  SysTickIntEnable        
000030bd  _register_unlock        
000030c3  _register_lock          
000030cb  _nop                    
000030d1  strlen                  
000030e5  GPIOPinTypeGPIOInput    
000030f7  GPIOPinTypeGPIOOutput   
00003109  GPIOPinTypeSSI          
0000311b  SSIDataGetNonBlocking   
0000312d  SysTickPeriodSet        
0000313d  __TI_decompress_none    
0000314b  __TI_zero_init          
00003157  ResetISR                
00003163  SSIDataPut              
0000316d  SSIDisable              
00003177  SSIEnable               
00003181  SSIBusy                 
00003189  GPIOPinRead             
0000318f  GPIOPinWrite            
00003195  SysCtlDelay             
0000319b  __TI_decompress_rle24   
000031a1  _system_pre_init        
00003384  _ctypes_                
00003600  __TI_Handler_Table_Base 
0000360c  __TI_Handler_Table_Limit
00003620  __TI_CINIT_Base         
00003638  __TI_CINIT_Limit        
20000000  g_pfnRAMVectors         
2000026c  __stack                 
2000046c  __STACK_TOP             
2000126c  __STACK_END             
20001320  _Denorm                 
20001330  _Eps                    
20001340  _Hugeval                
20001350  _Inf                    
20001360  _Nan                    
20001370  _Snan                   
20001380  _Rteps                  
20001390  _Xbig                   
20001398  _Zero                   
200013ac  curState                
200013b0  _lock                   
200013b4  _unlock                 
200013b8  __TI_cleanup_ptr        
200013bc  __TI_dtors_ptr          
200013c0  _Fenv                   
200013c4  _Tls_setup__Fenv        
200013d8  _Errno                  
200013dc  main_func_sp            
200013e0  sysTickCount            
200014ec  flag                    
ffffffff  __binit__               
ffffffff  __c_args__              
ffffffff  binit                   
UNDEFED   SHT$$INIT_ARRAY$$Base   
UNDEFED   SHT$$INIT_ARRAY$$Limit  

[135 symbols]
